Component: ARM Compiler 5.06 update 7 (build 960) Tool: armlink [4d3601]

==============================================================================

Section Cross References

    startup_stm32f103xb.o(RESET) refers to startup_stm32f103xb.o(STACK) for __initial_sp
    startup_stm32f103xb.o(RESET) refers to startup_stm32f103xb.o(.text) for Reset_Handler
    startup_stm32f103xb.o(RESET) refers to stm32f1xx_it.o(i.NMI_Handler) for NMI_Handler
    startup_stm32f103xb.o(RESET) refers to stm32f1xx_it.o(i.HardFault_Handler) for HardFault_Handler
    startup_stm32f103xb.o(RESET) refers to stm32f1xx_it.o(i.MemManage_Handler) for MemManage_Handler
    startup_stm32f103xb.o(RESET) refers to stm32f1xx_it.o(i.BusFault_Handler) for BusFault_Handler
    startup_stm32f103xb.o(RESET) refers to stm32f1xx_it.o(i.UsageFault_Handler) for UsageFault_Handler
    startup_stm32f103xb.o(RESET) refers to port.o(.emb_text) for SVC_Handler
    startup_stm32f103xb.o(RESET) refers to stm32f1xx_it.o(i.DebugMon_Handler) for DebugMon_Handler
    startup_stm32f103xb.o(RESET) refers to stm32f1xx_it.o(i.SysTick_Handler) for SysTick_Handler
    startup_stm32f103xb.o(RESET) refers to stm32f1xx_it.o(i.DMA1_Channel1_IRQHandler) for DMA1_Channel1_IRQHandler
    startup_stm32f103xb.o(RESET) refers to ble_task.o(i.DMA1_Channel2_IRQHandler) for DMA1_Channel2_IRQHandler
    startup_stm32f103xb.o(RESET) refers to stm32f1xx_it.o(i.DMA1_Channel3_IRQHandler) for DMA1_Channel3_IRQHandler
    startup_stm32f103xb.o(RESET) refers to stm32f1xx_it.o(i.DMA1_Channel6_IRQHandler) for DMA1_Channel6_IRQHandler
    startup_stm32f103xb.o(RESET) refers to esp_task.o(i.DMA1_Channel7_IRQHandler) for DMA1_Channel7_IRQHandler
    startup_stm32f103xb.o(RESET) refers to stm32f1xx_it.o(i.TIM3_IRQHandler) for TIM3_IRQHandler
    startup_stm32f103xb.o(RESET) refers to esp_task.o(i.USART2_IRQHandler) for USART2_IRQHandler
    startup_stm32f103xb.o(RESET) refers to ble_task.o(i.USART3_IRQHandler) for USART3_IRQHandler
    startup_stm32f103xb.o(RESET) refers to stm32f1xx_it.o(i.EXTI15_10_IRQHandler) for EXTI15_10_IRQHandler
    startup_stm32f103xb.o(.text) refers to system_stm32f1xx.o(i.SystemInit) for SystemInit
    startup_stm32f103xb.o(.text) refers to entry.o(.ARM.Collect$$$$00000000) for __main
    main.o(i.SystemClock_Config) refers to memseta.o(.text) for __aeabi_memclr4
    main.o(i.SystemClock_Config) refers to stm32f1xx_hal_rcc.o(i.HAL_RCC_OscConfig) for HAL_RCC_OscConfig
    main.o(i.SystemClock_Config) refers to main.o(i.Error_Handler) for Error_Handler
    main.o(i.SystemClock_Config) refers to stm32f1xx_hal_rcc.o(i.HAL_RCC_ClockConfig) for HAL_RCC_ClockConfig
    main.o(i.SystemClock_Config) refers to stm32f1xx_hal_rcc_ex.o(i.HAL_RCCEx_PeriphCLKConfig) for HAL_RCCEx_PeriphCLKConfig
    main.o(i.main) refers to stm32f1xx_hal.o(i.HAL_Init) for HAL_Init
    main.o(i.main) refers to main.o(i.SystemClock_Config) for SystemClock_Config
    main.o(i.main) refers to gpio.o(i.MX_GPIO_Init) for MX_GPIO_Init
    main.o(i.main) refers to dma.o(i.MX_DMA_Init) for MX_DMA_Init
    main.o(i.main) refers to i2c.o(i.MX_I2C1_Init) for MX_I2C1_Init
    main.o(i.main) refers to tim.o(i.MX_TIM1_Init) for MX_TIM1_Init
    main.o(i.main) refers to tim.o(i.MX_TIM2_Init) for MX_TIM2_Init
    main.o(i.main) refers to tim.o(i.MX_TIM4_Init) for MX_TIM4_Init
    main.o(i.main) refers to tim.o(i.MX_TIM3_Init) for MX_TIM3_Init
    main.o(i.main) refers to usart.o(i.MX_USART3_UART_Init) for MX_USART3_UART_Init
    main.o(i.main) refers to usart.o(i.MX_USART2_UART_Init) for MX_USART2_UART_Init
    main.o(i.main) refers to usart.o(i.MX_USART1_UART_Init) for MX_USART1_UART_Init
    main.o(i.main) refers to adc.o(i.MX_ADC1_Init) for MX_ADC1_Init
    main.o(i.main) refers to freertos.o(i.MX_FREERTOS_Init) for MX_FREERTOS_Init
    main.o(i.main) refers to cmsis_os.o(i.osKernelStart) for osKernelStart
    gpio.o(i.MX_GPIO_Init) refers to stm32f1xx_hal_gpio.o(i.HAL_GPIO_WritePin) for HAL_GPIO_WritePin
    gpio.o(i.MX_GPIO_Init) refers to stm32f1xx_hal_gpio.o(i.HAL_GPIO_Init) for HAL_GPIO_Init
    gpio.o(i.MX_GPIO_Init) refers to stm32f1xx_hal_cortex.o(i.HAL_NVIC_SetPriority) for HAL_NVIC_SetPriority
    gpio.o(i.MX_GPIO_Init) refers to stm32f1xx_hal_cortex.o(i.HAL_NVIC_EnableIRQ) for HAL_NVIC_EnableIRQ
    freertos.o(i.MX_FREERTOS_Init) refers to i2c.o(i.create_i2c_mutex) for create_i2c_mutex
    freertos.o(i.MX_FREERTOS_Init) refers to memcpya.o(.text) for __aeabi_memcpy4
    freertos.o(i.MX_FREERTOS_Init) refers to cmsis_os.o(i.osThreadCreate) for osThreadCreate
    freertos.o(i.MX_FREERTOS_Init) refers to freertos.o(.constdata) for .constdata
    freertos.o(i.MX_FREERTOS_Init) refers to freertos.o(.data) for defaultTaskHandle
    freertos.o(i.StartDefaultTask) refers to cmsis_os.o(i.osDelay) for osDelay
    freertos.o(i.vApplicationGetIdleTaskMemory) refers to freertos.o(.bss) for xIdleTaskTCBBuffer
    freertos.o(.constdata) refers to freertos.o(.conststring) for .conststring
[...]
    _main_clock                              0x080000f5   Thumb Code     0  entry7b.o(.ARM.Collect$$$$00000008)
    _main_cpp_init                           0x080000f5   Thumb Code     0  entry8b.o(.ARM.Collect$$$$0000000A)
    _main_init                               0x080000f5   Thumb Code     0  entry9a.o(.ARM.Collect$$$$0000000B)
    __rt_lib_shutdown_fini                   0x080000fd   Thumb Code     0  entry12b.o(.ARM.Collect$$$$0000000E)
    __rt_final_cpp                           0x08000101   Thumb Code     0  entry10a.o(.ARM.Collect$$$$0000000F)
    __rt_final_exit                          0x08000101   Thumb Code     0  entry11a.o(.ARM.Collect$$$$00000011)
    SVC_Handler                              0x08000105   Thumb Code    32  port.o(.emb_text)
    __asm___6_port_c_39a90d8d__prvStartFirstTask 0x08000129   Thumb Code    28  port.o(.emb_text)
    PendSV_Handler                           0x08000149   Thumb Code    72  port.o(.emb_text)
    vPortGetIPSR                             0x08000195   Thumb Code     6  port.o(.emb_text)
    Reset_Handler                            0x0800019d   Thumb Code     8  startup_stm32f103xb.o(.text)
    ADC1_2_IRQHandler                        0x080001b7   Thumb Code     0  startup_stm32f103xb.o(.text)
    CAN1_RX1_IRQHandler                      0x080001b7   Thumb Code     0  startup_stm32f103xb.o(.text)
    CAN1_SCE_IRQHandler                      0x080001b7   Thumb Code     0  startup_stm32f103xb.o(.text)
    DMA1_Channel4_IRQHandler                 0x080001b7   Thumb Code     0  startup_stm32f103xb.o(.text)
    DMA1_Channel5_IRQHandler                 0x080001b7   Thumb Code     0  startup_stm32f103xb.o(.text)
    EXTI0_IRQHandler                         0x080001b7   Thumb Code     0  startup_stm32f103xb.o(.text)
    EXTI1_IRQHandler                         0x080001b7   Thumb Code     0  startup_stm32f103xb.o(.text)
    EXTI2_IRQHandler                         0x080001b7   Thumb Code     0  startup_stm32f103xb.o(.text)
    EXTI3_IRQHandler                         0x080001b7   Thumb Code     0  startup_stm32f103xb.o(.text)
    EXTI4_IRQHandler                         0x080001b7   Thumb Code     0  startup_stm32f103xb.o(.text)
    EXTI9_5_IRQHandler                       0x080001b7   Thumb Code     0  startup_stm32f103xb.o(.text)
    FLASH_IRQHandler                         0x080001b7   Thumb Code     0  startup_stm32f103xb.o(.text)
    I2C1_ER_IRQHandler                       0x080001b7   Thumb Code     0  startup_stm32f103xb.o(.text)
    I2C1_EV_IRQHandler                       0x080001b7   Thumb Code     0  startup_stm32f103xb.o(.text)
    I2C2_ER_IRQHandler                       0x080001b7   Thumb Code     0  startup_stm32f103xb.o(.text)
    I2C2_EV_IRQHandler                       0x080001b7   Thumb Code     0  startup_stm32f103xb.o(.text)
    PVD_IRQHandler                           0x080001b7   Thumb Code     0  startup_stm32f103xb.o(.text)
    RCC_IRQHandler                           0x080001b7   Thumb Code     0  startup_stm32f103xb.o(.text)
    RTC_Alarm_IRQHandler                     0x080001b7   Thumb Code     0  startup_stm32f103xb.o(.text)
    RTC_IRQHandler                           0x080001b7   Thumb Code     0  startup_stm32f103xb.o(.text)
    SPI1_IRQHandler                          0x080001b7   Thumb Code     0  startup_stm32f103xb.o(.text)
    SPI2_IRQHandler                          0x080001b7   Thumb Code     0  startup_stm32f103xb.o(.text)
    TAMPER_IRQHandler                        0x080001b7   Thumb Code     0  startup_stm32f103xb.o(.text)
    TIM1_BRK_IRQHandler                      0x080001b7   Thumb Code     0  startup_stm32f103xb.o(.text)
    TIM1_CC_IRQHandler                       0x080001b7   Thumb Code     0  startup_stm32f103xb.o(.text)
    TIM1_TRG_COM_IRQHandler                  0x080001b7   Thumb Code     0  startup_stm32f103xb.o(.text)
    TIM1_UP_IRQHandler                       0x080001b7   Thumb Code     0  startup_stm32f103xb.o(.text)
    TIM2_IRQHandler                          0x080001b7   Thumb Code     0  startup_stm32f103xb.o(.text)
    TIM4_IRQHandler                          0x080001b7   Thumb Code     0  startup_stm32f103xb.o(.text)
    USART1_IRQHandler                        0x080001b7   Thumb Code     0  startup_stm32f103xb.o(.text)
    USBWakeUp_IRQHandler                     0x080001b7   Thumb Code     0  startup_stm32f103xb.o(.text)
    USB_HP_CAN1_TX_IRQHandler                0x080001b7   Thumb Code     0  startup_stm32f103xb.o(.text)
    USB_LP_CAN1_RX0_IRQHandler               0x080001b7   Thumb Code     0  startup_stm32f103xb.o(.text)
    WWDG_IRQHandler                          0x080001b7   Thumb Code     0  startup_stm32f103xb.o(.text)
    __aeabi_llsr                             0x080001c1   Thumb Code    32  llushr.o(.text)
    _ll_ushift_r                             0x080001c1   Thumb Code     0  llushr.o(.text)
    __aeabi_memcpy                           0x080001e1   Thumb Code    36  memcpya.o(.text)
    __aeabi_memcpy4                          0x080001e1   Thumb Code     0  memcpya.o(.text)
    __aeabi_memcpy8                          0x080001e1   Thumb Code     0  memcpya.o(.text)
    __aeabi_memset                           0x08000205   Thumb Code    14  memseta.o(.text)
    __aeabi_memset4                          0x08000205   Thumb Code     0  memseta.o(.text)
    __aeabi_memset8                          0x08000205   Thumb Code     0  memseta.o(.text)
    __aeabi_memclr                           0x08000213   Thumb Code     4  memseta.o(.text)
    __aeabi_memclr4                          0x08000213   Thumb Code     0  memseta.o(.text)
    __aeabi_memclr8                          0x08000213   Thumb Code     0  memseta.o(.text)
    memset                                   0x08000217   Thumb Code    18  memseta.o(.text)
    strcat                                   0x08000229   Thumb Code    24  strcat.o(.text)
    strstr                                   0x08000241   Thumb Code    36  strstr.o(.text)
    strlen                                   0x08000265   Thumb Code    14  strlen.o(.text)
    strcpy                                   0x08000273   Thumb Code    18  strcpy.o(.text)
    __0sscanf                                0x08000285   Thumb Code    48  __0sscanf.o(.text)
    _scanf_int                               0x080002bd   Thumb Code   332  _scanf_int.o(.text)
    _scanf_string                            0x08000409   Thumb Code   224  _scanf_str.o(.text)
    __aeabi_fadd                             0x080004e9   Thumb Code   164  fadd.o(.text)
    __aeabi_fsub                             0x0800058d   Thumb Code     6  fadd.o(.text)
    __aeabi_frsub                            0x08000593   Thumb Code     6  fadd.o(.text)
    __aeabi_fmul                             0x08000599   Thumb Code   100  fmul.o(.text)
    __aeabi_fdiv                             0x080005fd   Thumb Code   124  fdiv.o(.text)
    __aeabi_dadd                             0x08000679   Thumb Code   322  dadd.o(.text)
    __aeabi_dsub                             0x080007bb   Thumb Code     6  dadd.o(.text)
    __aeabi_drsub                            0x080007c1   Thumb Code     6  dadd.o(.text)
    __aeabi_dmul                             0x080007c7   Thumb Code   228  dmul.o(.text)
    __aeabi_ddiv                             0x080008ab   Thumb Code   222  ddiv.o(.text)
    __aeabi_i2f                              0x08000989   Thumb Code    18  fflti.o(.text)
    __aeabi_i2d                              0x0800099b   Thumb Code    34  dflti.o(.text)
    __aeabi_ui2d                             0x080009bd   Thumb Code    26  dfltui.o(.text)
    __aeabi_f2iz                             0x080009d7   Thumb Code    50  ffixi.o(.text)
    __aeabi_f2d                              0x08000a09   Thumb Code    38  f2d.o(.text)
    __aeabi_d2f                              0x08000a2f   Thumb Code    56  d2f.o(.text)
    __aeabi_cfcmpeq                          0x08000a69   Thumb Code     0  cfcmple.o(.text)
    __aeabi_cfcmple                          0x08000a69   Thumb Code    20  cfcmple.o(.text)
    __aeabi_cfrcmple                         0x08000a7d   Thumb Code    20  cfrcmple.o(.text)
    __aeabi_uidiv                            0x08000a91   Thumb Code     0  uidiv.o(.text)
    __aeabi_uidivmod                         0x08000a91   Thumb Code    44  uidiv.o(.text)
    __aeabi_llsl                             0x08000abd   Thumb Code    30  llshl.o(.text)
    _ll_shift_l                              0x08000abd   Thumb Code     0  llshl.o(.text)
    __aeabi_lasr                             0x08000adb   Thumb Code    36  llsshr.o(.text)
    _ll_sshift_r                             0x08000adb   Thumb Code     0  llsshr.o(.text)
    _chval                                   0x08000aff   Thumb Code    28  _chval.o(.text)
    __vfscanf_char                           0x08000b29   Thumb Code    20  scanf_char.o(.text)
    _sgetc                                   0x08000b45   Thumb Code    30  _sgetc.o(.text)
    _sbackspace                              0x08000b63   Thumb Code    34  _sgetc.o(.text)
    __I$use$fp                               0x08000b85   Thumb Code     0  iusefp.o(.text)
    _float_round                             0x08000b85   Thumb Code    18  fepilogue.o(.text)
    _float_epilogue                          0x08000b97   Thumb Code    92  fepilogue.o(.text)
    _double_round                            0x08000bf3   Thumb Code    30  depilogue.o(.text)
    _double_epilogue                         0x08000c11   Thumb Code   156  depilogue.o(.text)
    __aeabi_cdcmpeq                          0x08000cad   Thumb Code     0  cdcmple.o(.text)
    __aeabi_cdcmple                          0x08000cad   Thumb Code    48  cdcmple.o(.text)
    __scatterload                            0x08000cdd   Thumb Code    28  init.o(.text)
    __scatterload_rt2                        0x08000cdd   Thumb Code     0  init.o(.text)
    isspace                                  0x08000d01   Thumb Code    10  isspace_c.o(.text)
    __vfscanf                                0x08000d0d   Thumb Code   810  _scanf.o(.text)
    __ARM_scalbn                             0x0800103d   Thumb Code    46  dscalb.o(.text)
    scalbn                                   0x0800103d   Thumb Code     0  dscalb.o(.text)
    __ctype_lookup                           0x0800106d   Thumb Code    34  ctype_c.o(.text)
    __decompress                             0x08001095   Thumb Code     0  __dczerorl2.o(.text)
    __decompress1                            0x08001095   Thumb Code    86  __dczerorl2.o(.text)
    ADC_ConversionStop_Disable               0x080010eb   Thumb Code    92  stm32f1xx_hal_adc.o(i.ADC_ConversionStop_Disable)
    ADC_DMAConvCplt                          0x08001147   Thumb Code    82  stm32f1xx_hal_adc.o(i.ADC_DMAConvCplt)
    ADC_DMAError                             0x08001199   Thumb Code    30  stm32f1xx_hal_adc.o(i.ADC_DMAError)
    ADC_DMAHalfConvCplt                      0x080011b7   Thumb Code    14  stm32f1xx_hal_adc.o(i.ADC_DMAHalfConvCplt)
    ADC_Enable                               0x080011c5   Thumb Code   134  stm32f1xx_hal_adc.o(i.ADC_Enable)
    BusFault_Handler                         0x08001255   Thumb Code     4  stm32f1xx_it.o(i.BusFault_Handler)
    DMA1_Channel1_IRQHandler                 0x08001259   Thumb Code    10  stm32f1xx_it.o(i.DMA1_Channel1_IRQHandler)
    DMA1_Channel2_IRQHandler                 0x08001269   Thumb Code    26  ble_task.o(i.DMA1_Channel2_IRQHandler)
    DMA1_Channel3_IRQHandler                 0x0800128d   Thumb Code    10  stm32f1xx_it.o(i.DMA1_Channel3_IRQHandler)
    DMA1_Channel6_IRQHandler                 0x0800129d   Thumb Code    10  stm32f1xx_it.o(i.DMA1_Channel6_IRQHandler)
    DMA1_Channel7_IRQHandler                 0x080012ad   Thumb Code    28  esp_task.o(i.DMA1_Channel7_IRQHandler)
    DebugMon_Handler                         0x080012fd   Thumb Code     2  stm32f1xx_it.o(i.DebugMon_Handler)
    ESP8266_Create_Tcp_server                0x08001301   Thumb Code    30  esp01.o(i.ESP8266_Create_Tcp_server)
    ESP8266_Enable_MultipleId                0x08001335   Thumb Code    42  esp01.o(i.ESP8266_Enable_MultipleId)
    ESP8266_Net_Mode_Choose                  0x08001375   Thumb Code    68  esp01.o(i.ESP8266_Net_Mode_Choose)
    ESP8266_Send_AT_Cmd                      0x080013ed   Thumb Code   228  esp01.o(i.ESP8266_Send_AT_Cmd)
    EXTI15_10_IRQHandler                     0x08001569   Thumb Code    12  stm32f1xx_it.o(i.EXTI15_10_IRQHandler)
    Error_Handler                            0x08001575   Thumb Code     2  main.o(i.Error_Handler)
    HAL_ADC_ConfigChannel                    0x08001579   Thumb Code   338  stm32f1xx_hal_adc.o(i.HAL_ADC_ConfigChannel)
    HAL_ADC_ConvCpltCallback                 0x080016d9   Thumb Code     2  bsp_adc.o(i.HAL_ADC_ConvCpltCallback)
    HAL_ADC_ConvHalfCpltCallback             0x080016db   Thumb Code     2  stm32f1xx_hal_adc.o(i.HAL_ADC_ConvHalfCpltCallback)
    HAL_ADC_ErrorCallback                    0x080016dd   Thumb Code     2  stm32f1xx_hal_adc.o(i.HAL_ADC_ErrorCallback)
    HAL_ADC_Init                             0x080016e1   Thumb Code   314  stm32f1xx_hal_adc.o(i.HAL_ADC_Init)
    HAL_ADC_MspInit                          0x08001825   Thumb Code   154  adc.o(i.HAL_ADC_MspInit)
    HAL_ADC_Start_DMA                        0x080018d5   Thumb Code   362  stm32f1xx_hal_adc.o(i.HAL_ADC_Start_DMA)
    HAL_DMA_Abort                            0x08001a55   Thumb Code    86  stm32f1xx_hal_dma.o(i.HAL_DMA_Abort)
    HAL_DMA_IRQHandler                       0x08001aad   Thumb Code   408  stm32f1xx_hal_dma.o(i.HAL_DMA_IRQHandler)
    HAL_DMA_Init                             0x08001c49   Thumb Code   100  stm32f1xx_hal_dma.o(i.HAL_DMA_Init)
    HAL_DMA_Start_IT                         0x08001cb1   Thumb Code   156  stm32f1xx_hal_dma.o(i.HAL_DMA_Start_IT)
    HAL_Delay                                0x08001d4d   Thumb Code    36  stm32f1xx_hal.o(i.HAL_Delay)
    HAL_GPIO_EXTI_Callback                   0x08001d75   Thumb Code    52  control_task.o(i.HAL_GPIO_EXTI_Callback)
    HAL_GPIO_EXTI_IRQHandler                 0x08001db5   Thumb Code    24  stm32f1xx_hal_gpio.o(i.HAL_GPIO_EXTI_IRQHandler)
    HAL_GPIO_Init                            0x08001dd1   Thumb Code   766  stm32f1xx_hal_gpio.o(i.HAL_GPIO_Init)
    HAL_GPIO_ReadPin                         0x080020f1   Thumb Code    16  stm32f1xx_hal_gpio.o(i.HAL_GPIO_ReadPin)
    HAL_GPIO_WritePin                        0x08002101   Thumb Code    12  stm32f1xx_hal_gpio.o(i.HAL_GPIO_WritePin)
    HAL_GetTick                              0x0800210d   Thumb Code     6  stm32f1xx_hal.o(i.HAL_GetTick)
    HAL_I2C_Init                             0x08002119   Thumb Code   446  stm32f1xx_hal_i2c.o(i.HAL_I2C_Init)
    HAL_I2C_Mem_Read                         0x080022e9   Thumb Code   850  stm32f1xx_hal_i2c.o(i.HAL_I2C_Mem_Read)
    HAL_I2C_Mem_Write                        0x0800264d   Thumb Code   348  stm32f1xx_hal_i2c.o(i.HAL_I2C_Mem_Write)
    HAL_I2C_MspInit                          0x080027b1   Thumb Code   124  i2c.o(i.HAL_I2C_MspInit)
    HAL_IncTick                              0x0800283d   Thumb Code    16  stm32f1xx_hal.o(i.HAL_IncTick)
    HAL_Init                                 0x08002855   Thumb Code    34  stm32f1xx_hal.o(i.HAL_Init)
    HAL_InitTick                             0x0800287d   Thumb Code    64  stm32f1xx_hal.o(i.HAL_InitTick)
    HAL_MspInit                              0x080028c9   Thumb Code    76  stm32f1xx_hal_msp.o(i.HAL_MspInit)
    HAL_NVIC_EnableIRQ                       0x0800291d   Thumb Code    32  stm32f1xx_hal_cortex.o(i.HAL_NVIC_EnableIRQ)
    HAL_NVIC_SetPriority                     0x0800293d   Thumb Code   124  stm32f1xx_hal_cortex.o(i.HAL_NVIC_SetPriority)
    HAL_NVIC_SetPriorityGrouping             0x080029b9   Thumb Code    32  stm32f1xx_hal_cortex.o(i.HAL_NVIC_SetPriorityGrouping)
    HAL_RCCEx_PeriphCLKConfig                0x080029e1   Thumb Code   290  stm32f1xx_hal_rcc_ex.o(i.HAL_RCCEx_PeriphCLKConfig)
    HAL_RCC_ClockConfig                      0x08002b11   Thumb Code   376  stm32f1xx_hal_rcc.o(i.HAL_RCC_ClockConfig)
    HAL_RCC_GetHCLKFreq                      0x08002c9d   Thumb Code     6  stm32f1xx_hal_rcc.o(i.HAL_RCC_GetHCLKFreq)
    HAL_RCC_GetPCLK1Freq                     0x08002ca9   Thumb Code    22  stm32f1xx_hal_rcc.o(i.HAL_RCC_GetPCLK1Freq)
    HAL_RCC_GetPCLK2Freq                     0x08002cc9   Thumb Code    22  stm32f1xx_hal_rcc.o(i.HAL_RCC_GetPCLK2Freq)
    HAL_RCC_GetSysClockFreq                  0x08002ce9   Thumb Code   116  stm32f1xx_hal_rcc.o(i.HAL_RCC_GetSysClockFreq)
    HAL_RCC_OscConfig                        0x08002d7d   Thumb Code  1114  stm32f1xx_hal_rcc.o(i.HAL_RCC_OscConfig)
    HAL_SYSTICK_Config                       0x080031e1   Thumb Code    52  stm32f1xx_hal_cortex.o(i.HAL_SYSTICK_Config)
    HAL_TIMEx_BreakCallback                  0x08003215   Thumb Code     2  stm32f1xx_hal_tim_ex.o(i.HAL_TIMEx_BreakCallback)
    HAL_TIMEx_CommutCallback                 0x08003217   Thumb Code     2  stm32f1xx_hal_tim_ex.o(i.HAL_TIMEx_CommutCallback)
    HAL_TIMEx_ConfigBreakDeadTime            0x08003219   Thumb Code   116  stm32f1xx_hal_tim_ex.o(i.HAL_TIMEx_ConfigBreakDeadTime)
    HAL_TIMEx_MasterConfigSynchronization    0x0800328d   Thumb Code   118  stm32f1xx_hal_tim_ex.o(i.HAL_TIMEx_MasterConfigSynchronization)
    HAL_TIM_Base_Init                        0x08003311   Thumb Code   102  stm32f1xx_hal_tim.o(i.HAL_TIM_Base_Init)
    HAL_TIM_Base_MspInit                     0x08003379   Thumb Code   154  tim.o(i.HAL_TIM_Base_MspInit)
    HAL_TIM_Base_Start                       0x08003425   Thumb Code    94  stm32f1xx_hal_tim.o(i.HAL_TIM_Base_Start)
    HAL_TIM_Base_Start_IT                    0x08003491   Thumb Code   106  stm32f1xx_hal_tim.o(i.HAL_TIM_Base_Start_IT)
    HAL_TIM_ConfigClockSource                0x08003509   Thumb Code   264  stm32f1xx_hal_tim.o(i.HAL_TIM_ConfigClockSource)
    HAL_TIM_Encoder_Init                     0x08003611   Thumb Code   196  stm32f1xx_hal_tim.o(i.HAL_TIM_Encoder_Init)
    HAL_TIM_Encoder_MspInit                  0x080036d5   Thumb Code   182  tim.o(i.HAL_TIM_Encoder_MspInit)
    HAL_TIM_Encoder_Start                    0x0800379d   Thumb Code   204  stm32f1xx_hal_tim.o(i.HAL_TIM_Encoder_Start)
    HAL_TIM_IC_CaptureCallback               0x08003869   Thumb Code   156  hc_sr04.o(i.HAL_TIM_IC_CaptureCallback)
    HAL_TIM_IC_ConfigChannel                 0x0800391d   Thumb Code   212  stm32f1xx_hal_tim.o(i.HAL_TIM_IC_ConfigChannel)
    HAL_TIM_IC_Init                          0x080039f1   Thumb Code   102  stm32f1xx_hal_tim.o(i.HAL_TIM_IC_Init)
    HAL_TIM_IC_MspInit                       0x08003a57   Thumb Code     2  stm32f1xx_hal_tim.o(i.HAL_TIM_IC_MspInit)
    HAL_TIM_IC_Start_IT                      0x08003a59   Thumb Code   332  stm32f1xx_hal_tim.o(i.HAL_TIM_IC_Start_IT)
    HAL_TIM_IRQHandler                       0x08003bb1   Thumb Code   406  stm32f1xx_hal_tim.o(i.HAL_TIM_IRQHandler)
    HAL_TIM_MspPostInit                      0x08003d49   Thumb Code    76  tim.o(i.HAL_TIM_MspPostInit)
    HAL_TIM_OC_DelayElapsedCallback          0x08003da1   Thumb Code     2  stm32f1xx_hal_tim.o(i.HAL_TIM_OC_DelayElapsedCallback)
    HAL_TIM_PWM_ConfigChannel                0x08003da3   Thumb Code   252  stm32f1xx_hal_tim.o(i.HAL_TIM_PWM_ConfigChannel)
    HAL_TIM_PWM_Init                         0x08003e9f   Thumb Code   102  stm32f1xx_hal_tim.o(i.HAL_TIM_PWM_Init)
    HAL_TIM_PWM_MspInit                      0x08003f05   Thumb Code     2  stm32f1xx_hal_tim.o(i.HAL_TIM_PWM_MspInit)
    HAL_TIM_PWM_PulseFinishedCallback        0x08003f07   Thumb Code     2  stm32f1xx_hal_tim.o(i.HAL_TIM_PWM_PulseFinishedCallback)
    HAL_TIM_PWM_Start                        0x08003f09   Thumb Code   198  stm32f1xx_hal_tim.o(i.HAL_TIM_PWM_Start)
    HAL_TIM_PeriodElapsedCallback            0x08003fdd   Thumb Code    12  hc_sr04.o(i.HAL_TIM_PeriodElapsedCallback)
    HAL_TIM_TriggerCallback                  0x08003fed   Thumb Code     2  stm32f1xx_hal_tim.o(i.HAL_TIM_TriggerCallback)
    HAL_UARTEx_RxEventCallback               0x08003fef   Thumb Code     2  stm32f1xx_hal_uart.o(i.HAL_UARTEx_RxEventCallback)
    HAL_UART_DMAStop                         0x08003ff1   Thumb Code   102  stm32f1xx_hal_uart.o(i.HAL_UART_DMAStop)
    HAL_UART_ErrorCallback                   0x08004057   Thumb Code     2  stm32f1xx_hal_uart.o(i.HAL_UART_ErrorCallback)
    HAL_UART_Init                            0x08004059   Thumb Code   114  stm32f1xx_hal_uart.o(i.HAL_UART_Init)
    HAL_UART_MspInit                         0x080040cd   Thumb Code   590  usart.o(i.HAL_UART_MspInit)
    HAL_UART_Receive_DMA                     0x08004349   Thumb Code    66  stm32f1xx_hal_uart.o(i.HAL_UART_Receive_DMA)
    HAL_UART_RxCpltCallback                  0x0800438b   Thumb Code     2  stm32f1xx_hal_uart.o(i.HAL_UART_RxCpltCallback)
    HAL_UART_RxHalfCpltCallback              0x0800438d   Thumb Code     2  stm32f1xx_hal_uart.o(i.HAL_UART_RxHalfCpltCallback)
    HAL_UART_Transmit                        0x0800438f   Thumb Code   210  stm32f1xx_hal_uart.o(i.HAL_UART_Transmit)
    HardFault_Handler                        0x08004461   Thumb Code     4  stm32f1xx_it.o(i.HardFault_Handler)
    Kalman_getAngle                          0x08004967   Thumb Code   540  filter.o(i.Kalman_getAngle)
    MX_ADC1_Init                             0x08004b85   Thumb Code   150  adc.o(i.MX_ADC1_Init)
    MX_DMA_Init                              0x08004c25   Thumb Code   112  dma.o(i.MX_DMA_Init)
    MX_FREERTOS_Init                         0x08004c99   Thumb Code   154  freertos.o(i.MX_FREERTOS_Init)
    MX_GPIO_Init                             0x08004d51   Thumb Code   310  gpio.o(i.MX_GPIO_Init)
    MX_I2C1_Init                             0x08004e9d   Thumb Code    48  i2c.o(i.MX_I2C1_Init)
    MX_TIM1_Init                             0x08004ed9   Thumb Code   222  tim.o(i.MX_TIM1_Init)
    MX_TIM2_Init                             0x08004fc1   Thumb Code   116  tim.o(i.MX_TIM2_Init)
    MX_TIM3_Init                             0x08005039   Thumb Code   152  tim.o(i.MX_TIM3_Init)
    MX_TIM4_Init                             0x080050d9   Thumb Code   114  tim.o(i.MX_TIM4_Init)
    MX_USART1_UART_Init                      0x08005155   Thumb Code    46  usart.o(i.MX_USART1_UART_Init)
    MX_USART2_UART_Init                      0x0800518d   Thumb Code    46  usart.o(i.MX_USART2_UART_Init)
    MX_USART3_UART_Init                      0x080051c5   Thumb Code    46  usart.o(i.MX_USART3_UART_Init)
    MemManage_Handler                        0x080051fd   Thumb Code     4  stm32f1xx_it.o(i.MemManage_Handler)
    NMI_Handler                              0x08005201   Thumb Code     2  stm32f1xx_it.o(i.NMI_Handler)
    NRF24L01_Check                           0x08005205   Thumb Code    58  nrf24l01.o(i.NRF24L01_Check)
    NRF24L01_Init                            0x08005245   Thumb Code    22  nrf24l01.o(i.NRF24L01_Init)
    NRF24L01_RX_Mode                         0x08005261   Thumb Code    74  nrf24l01.o(i.NRF24L01_RX_Mode)
    NRF24L01_Read_Buf                        0x080052b1   Thumb Code    56  nrf24l01.o(i.NRF24L01_Read_Buf)
    NRF24L01_Read_Reg                        0x080052e9   Thumb Code    34  nrf24l01.o(i.NRF24L01_Read_Reg)
    NRF24L01_RxPacket                        0x0800530b   Thumb Code    52  nrf24l01.o(i.NRF24L01_RxPacket)
    NRF24L01_Write_Buf                       0x0800533f   Thumb Code    56  nrf24l01.o(i.NRF24L01_Write_Buf)
    NRF24L01_Write_Reg                       0x08005377   Thumb Code    36  nrf24l01.o(i.NRF24L01_Write_Reg)
    StartDefaultTask                         0x080053c5   Thumb Code    10  freertos.o(i.StartDefaultTask)
    SysTick_Handler                          0x080053cf   Thumb Code    20  stm32f1xx_it.o(i.SysTick_Handler)
    SystemClock_Config                       0x080053e3   Thumb Code   132  main.o(i.SystemClock_Config)
    SystemInit                               0x08005467   Thumb Code     2  system_stm32f1xx.o(i.SystemInit)
    TIM3_IRQHandler                          0x08005469   Thumb Code    10  stm32f1xx_it.o(i.TIM3_IRQHandler)
    TIM_Base_SetConfig                       0x08005479   Thumb Code   104  stm32f1xx_hal_tim.o(i.TIM_Base_SetConfig)
    TIM_CCxChannelCmd                        0x080054ed   Thumb Code    34  stm32f1xx_hal_tim.o(i.TIM_CCxChannelCmd)
    TIM_ETR_SetConfig                        0x0800550f   Thumb Code    22  stm32f1xx_hal_tim.o(i.TIM_ETR_SetConfig)
    TIM_OC2_SetConfig                        0x08005599   Thumb Code   100  stm32f1xx_hal_tim.o(i.TIM_OC2_SetConfig)
    TIM_TI1_SetConfig                        0x080056d9   Thumb Code    90  stm32f1xx_hal_tim.o(i.TIM_TI1_SetConfig)
    UART_Start_Receive_DMA                   0x08005a35   Thumb Code   138  stm32f1xx_hal_uart.o(i.UART_Start_Receive_DMA)
    USART2_IRQHandler                        0x08005b39   Thumb Code   268  esp_task.o(i.USART2_IRQHandler)
    USART3_IRQHandler                        0x08005c69   Thumb Code   154  ble_task.o(i.USART3_IRQHandler)
    UsageFault_Handler                       0x08005d1d   Thumb Code     4  stm32f1xx_it.o(i.UsageFault_Handler)
    __0printf$3                              0x08005d21   Thumb Code    22  printf3.o(i.__0printf$3)
    __1printf$3                              0x08005d21   Thumb Code     0  printf3.o(i.__0printf$3)
    __2printf                                0x08005d21   Thumb Code     0  printf3.o(i.__0printf$3)
    __0sprintf$3                             0x08005d41   Thumb Code    34  printf3.o(i.__0sprintf$3)
    __1sprintf$3                             0x08005d41   Thumb Code     0  printf3.o(i.__0sprintf$3)
    __2sprintf                               0x08005d41   Thumb Code     0  printf3.o(i.__0sprintf$3)
    __ARM_fpclassify                         0x08005d69   Thumb Code    40  fpclassify.o(i.__ARM_fpclassify)
    __kernel_poly                            0x08005dc9   Thumb Code   170  poly.o(i.__kernel_poly)
    __mathlib_dbl_infnan                     0x08005e73   Thumb Code     6  dunder.o(i.__mathlib_dbl_infnan)
    __mathlib_dbl_infnan2                    0x08005e79   Thumb Code     4  dunder.o(i.__mathlib_dbl_infnan2)
    __mathlib_dbl_underflow                  0x08005e7d   Thumb Code    10  dunder.o(i.__mathlib_dbl_underflow)
    __scatterload_copy                       0x08005e8d   Thumb Code    14  handlers.o(i.__scatterload_copy)
    __scatterload_null                       0x08005e9b   Thumb Code     2  handlers.o(i.__scatterload_null)
    __scatterload_zeroinit                   0x08005e9d   Thumb Code    14  handlers.o(i.__scatterload_zeroinit)
    __set_errno                              0x08005ead   Thumb Code     6  errno.o(i.__set_errno)
    adc_convert                              0x0800607d   Thumb Code    14  bsp_adc.o(i.adc_convert)
    atan                                     0x0800610d   Thumb Code   474  atan.o(i.atan)
    atan2                                    0x0800632d   Thumb Code   374  atan2.o(i.atan2)
    ble_task                                 0x080064c9   Thumb Code   330  ble_task.o(i.ble_task)
    control_task                             0x08006629   Thumb Code   548  control_task.o(i.control_task)
    create_i2c_mutex                         0x08006895   Thumb Code    14  i2c.o(i.create_i2c_mutex)
    esp01_uart_send_data                     0x080068a9   Thumb Code    20  esp01.o(i.esp01_uart_send_data)
    esp_task                                 0x080068c1   Thumb Code   188  esp_task.o(i.esp_task)
    fputc                                    0x080069c9   Thumb Code    22  usart.o(i.fputc)
    get_car_statu                            0x080069e5   Thumb Code     4  control_task.o(i.get_car_statu)
    get_esp_config_mode                      0x080069ed   Thumb Code     8  esp01.o(i.get_esp_config_mode)
    get_power_value                          0x08006a0d   Thumb Code    54  bsp_adc.o(i.get_power_value)
    get_rc_data                              0x08006a55   Thumb Code     4  nrf_task.o(i.get_rc_data)
    get_send_count                           0x08006a5d   Thumb Code     8  esp01.o(i.get_send_count)
    hc_sr04_init                             0x08006a69   Thumb Code    28  hc_sr04.o(i.hc_sr04_init)
    main                                     0x08006a89   Thumb Code    64  main.o(i.main)
    motor_init                               0x08006ad9   Thumb Code    42  bsp_motor.o(i.motor_init)
    motor_set_pwm                            0x08006b11   Thumb Code   132  bsp_motor.o(i.motor_set_pwm)
    mpu6050_delay_ms                         0x08006ba1   Thumb Code    12  mpu6050.o(i.mpu6050_delay_ms)
    mpu6050_get_acc                          0x08006bad   Thumb Code    88  mpu6050.o(i.mpu6050_get_acc)
    mpu6050_get_gyro                         0x08006c05   Thumb Code    88  mpu6050.o(i.mpu6050_get_gyro)
    mpu6050_init                             0x08006c5d   Thumb Code   126  mpu6050.o(i.mpu6050_init)
    mpu6050_read_bytes                       0x08006cdb   Thumb Code    24  mpu6050.o(i.mpu6050_read_bytes)
    mpu6050_read_one_byte                    0x08006cf3   Thumb Code    20  mpu6050.o(i.mpu6050_read_one_byte)
    mpu6050_set_acc_fsr                      0x08006d07   Thumb Code    18  mpu6050.o(i.mpu6050_set_acc_fsr)
    mpu6050_set_gyro_fsr                     0x08006d19   Thumb Code    22  mpu6050.o(i.mpu6050_set_gyro_fsr)
    mpu6050_set_lpf                          0x08006d2f   Thumb Code    60  mpu6050.o(i.mpu6050_set_lpf)
    mpu6050_set_rate                         0x08006d6b   Thumb Code    58  mpu6050.o(i.mpu6050_set_rate)
    mpu6050_write_one_byte                   0x08006da5   Thumb Code    18  mpu6050.o(i.mpu6050_write_one_byte)
    nrf_data_init                            0x08006db9   Thumb Code    16  nrf_task.o(i.nrf_data_init)
    nrf_read_write_byte                      0x08006dcd   Thumb Code    18  nrf24l01.o(i.nrf_read_write_byte)
    nrf_receive_data_unpack                  0x08006de5   Thumb Code   334  nrf_task.o(i.nrf_receive_data_unpack)
    nrf_task                                 0x08006f45   Thumb Code    44  nrf_task.o(i.nrf_task)
    osDelay                                  0x08006f79   Thumb Code    24  cmsis_os.o(i.osDelay)
    osKernelStart                            0x08006f91   Thumb Code    10  cmsis_os.o(i.osKernelStart)
    osThreadCreate                           0x08006f9b   Thumb Code    94  cmsis_os.o(i.osThreadCreate)
    pcTaskGetName                            0x08006ff9   Thumb Code    44  tasks.o(i.pcTaskGetName)
    pvPortMalloc                             0x08007711   Thumb Code   296  heap_4.o(i.pvPortMalloc)
    pvTaskIncrementMutexHeldCount            0x0800784d   Thumb Code    26  tasks.o(i.pvTaskIncrementMutexHeldCount)
    pxPortInitialiseStack                    0x0800786d   Thumb Code    30  port.o(i.pxPortInitialiseStack)
    read_encoder                             0x08007891   Thumb Code    56  bsp_motor.o(i.read_encoder)
    set_car_pid                              0x080078d1   Thumb Code    32  control_task.o(i.set_car_pid)
    set_car_speed                            0x080078f9   Thumb Code     6  control_task.o(i.set_car_speed)
    set_car_turn                             0x08007905   Thumb Code     6  control_task.o(i.set_car_turn)
    soft_spi_init                            0x080079ed   Thumb Code    18  bsp_soft_spi.o(i.soft_spi_init)
    soft_spi_read_write_byte                 0x080079ff   Thumb Code   326  bsp_soft_spi.o(i.soft_spi_read_write_byte)
    trig_send_pluse                          0x08007c8d   Thumb Code    38  hc_sr04.o(i.trig_send_pluse)
    u_i2c1_read_byte                         0x08007d05   Thumb Code    96  i2c.o(i.u_i2c1_read_byte)
    u_i2c1_read_bytes                        0x08007d6d   Thumb Code    94  i2c.o(i.u_i2c1_read_bytes)
    u_i2c1_write_byte                        0x08007dd5   Thumb Code    96  i2c.o(i.u_i2c1_write_byte)
    ui_task                                  0x08007e3d   Thumb Code    60  ui_task.o(i.ui_task)
    ulTaskNotifyTake                         0x08007e79   Thumb Code   108  tasks.o(i.ulTaskNotifyTake)
    uxListRemove                             0x08007eed   Thumb Code    40  list.o(i.uxListRemove)
    vApplicationGetIdleTaskMemory            0x08007f15   Thumb Code    14  freertos.o(i.vApplicationGetIdleTaskMemory)
    vListInitialise                          0x08007f2d   Thumb Code    26  list.o(i.vListInitialise)
    vListInitialiseItem                      0x08007f47   Thumb Code     6  list.o(i.vListInitialiseItem)
    vListInsert                              0x08007f4d   Thumb Code    52  list.o(i.vListInsert)
    vListInsertEnd                           0x08007f81   Thumb Code    24  list.o(i.vListInsertEnd)
    vPortEnterCritical                       0x08007f99   Thumb Code    76  port.o(i.vPortEnterCritical)
    vPortExitCritical                        0x08007fed   Thumb Code    56  port.o(i.vPortExitCritical)
    vPortFree                                0x08008029   Thumb Code   140  heap_4.o(i.vPortFree)
    vPortSetupTimerInterrupt                 0x080080bd   Thumb Code    36  port.o(i.vPortSetupTimerInterrupt)
    vPortValidateInterruptPriority           0x080080e5   Thumb Code   106  port.o(i.vPortValidateInterruptPriority)
    vTaskDelay                               0x0800815d   Thumb Code    82  tasks.o(i.vTaskDelay)
    vTaskInternalSetTimeOutState             0x080081b9   Thumb Code    14  tasks.o(i.vTaskInternalSetTimeOutState)
    vTaskMissedYield                         0x080081d1   Thumb Code     8  tasks.o(i.vTaskMissedYield)
    vTaskNotifyGiveFromISR                   0x080081dd   Thumb Code   216  tasks.o(i.vTaskNotifyGiveFromISR)
    vTaskPlaceOnEventList                    0x080082cd   Thumb Code    52  tasks.o(i.vTaskPlaceOnEventList)
    vTaskPriorityDisinheritAfterTimeout      0x08008305   Thumb Code   230  tasks.o(i.vTaskPriorityDisinheritAfterTimeout)
    vTaskStartScheduler                      0x080083f9   Thumb Code   146  tasks.o(i.vTaskStartScheduler)
    vTaskSuspendAll                          0x080084a9   Thumb Code    12  tasks.o(i.vTaskSuspendAll)
    vTaskSwitchContext                       0x080084b9   Thumb Code   118  tasks.o(i.vTaskSwitchContext)
    xPortStartScheduler                      0x08008545   Thumb Code   228  port.o(i.xPortStartScheduler)
    xPortSysTickHandler                      0x0800863d   Thumb Code    46  port.o(i.xPortSysTickHandler)
    xQueueCreateMutex                        0x08008671   Thumb Code    34  queue.o(i.xQueueCreateMutex)
    xQueueGenericCreate                      0x08008693   Thumb Code    94  queue.o(i.xQueueGenericCreate)
    xQueueGenericReset                       0x080086f1   Thumb Code   146  queue.o(i.xQueueGenericReset)
    xQueueGenericSend                        0x08008789   Thumb Code   420  queue.o(i.xQueueGenericSend)
    xQueueGenericSendFromISR                 0x08008931   Thumb Code   248  queue.o(i.xQueueGenericSendFromISR)
    xQueueReceive                            0x08008a29   Thumb Code   356  queue.o(i.xQueueReceive)
    xQueueSemaphoreTake                      0x08008b91   Thumb Code   434  queue.o(i.xQueueSemaphoreTake)
    xTaskCheckForTimeOut                     0x08008d49   Thumb Code   156  tasks.o(i.xTaskCheckForTimeOut)
    xTaskCreate                              0x08008df1   Thumb Code   100  tasks.o(i.xTaskCreate)
    xTaskCreateStatic                        0x08008e55   Thumb Code   184  tasks.o(i.xTaskCreateStatic)
    xTaskGetHandle                           0x08008f0d   Thumb Code   142  tasks.o(i.xTaskGetHandle)
    xTaskGetSchedulerState                   0x08008fb1   Thumb Code    24  tasks.o(i.xTaskGetSchedulerState)
    xTaskIncrementTick                       0x08008fd1   Thumb Code   282  tasks.o(i.xTaskIncrementTick)
    xTaskPriorityDisinherit                  0x08009119   Thumb Code   188  tasks.o(i.xTaskPriorityDisinherit)
    xTaskPriorityInherit                     0x080091e1   Thumb Code   186  tasks.o(i.xTaskPriorityInherit)
    xTaskRemoveFromEventList                 0x080092a9   Thumb Code   128  tasks.o(i.xTaskRemoveFromEventList)
    xTaskResumeAll                           0x08009341   Thumb Code   224  tasks.o(i.xTaskResumeAll)
    AHBPrescTable                            0x080094ec   Data          16  system_stm32f1xx.o(.constdata)
    APBPrescTable                            0x080094fc   Data           8  system_stm32f1xx.o(.constdata)
    TX_ADDRESS                               0x08009504   Data           5  nrf24l01.o(.constdata)
    RX_ADDRESS                               0x08009509   Data           5  nrf24l01.o(.constdata)
    __mathlib_zero                           0x080095a8   Data           8  qnan.o(.constdata)
    __ctype_categories                       0x080095b0   Data          64  ctype_c.o(.constdata)
    Region$$Table$$Base                      0x08009638   Number         0  anon$$obj.o(Region$$Table)
    Region$$Table$$Limit                     0x08009658   Number         0  anon$$obj.o(Region$$Table)
    controlTaskHandle                        0x20000000   Data           4  freertos.o(.data)
    uiTaskHandle                             0x20000004   Data           4  freertos.o(.data)
    bleTaskHandle                            0x20000008   Data           4  freertos.o(.data)
    nrfTaskHandle                            0x2000000c   Data           4  freertos.o(.data)
    espTaskHandle                            0x20000010   Data           4  freertos.o(.data)
    defaultTaskHandle                        0x20000014   Data           4  freertos.o(.data)
    uwTick                                   0x2000001c   Data           4  stm32f1xx_hal.o(.data)
    uwTickPrio                               0x20000020   Data           4  stm32f1xx_hal.o(.data)
    uwTickFreq                               0x20000024   Data           1  stm32f1xx_hal.o(.data)
    SystemCoreClock                          0x20000028   Data           4  system_stm32f1xx.o(.data)
    soft_spi                                 0x2000002c   Data          20  nrf24l01.o(.data)
    buf                                      0x20000040   Data           5  nrf24l01.o(.data)
    send_count                               0x20000046   Data           2  esp01.o(.data)
    esp_config_mode                          0x20000048   Data           2  esp01.o(.data)
    KalmanX                                  0x20000060   Data          72  filter.o(.data)
    KalmanY                                  0x200000a8   Data          72  filter.o(.data)
    angle                                    0x200000f0   Data           4  filter.o(.data)
    check_nrf                                0x20000108   Data           2  nrf_task.o(.data)
    check_tx                                 0x2000010a   Data           1  nrf_task.o(.data)
    pxCurrentTCB                             0x2000011c   Data           4  tasks.o(.data)
    __stdout                                 0x2000017c   Data           4  stdout.o(.data)
    hadc1                                    0x200003d8   Data          48  adc.o(.bss)
    hdma_adc1                                0x20000408   Data          68  adc.o(.bss)
    hi2c1                                    0x2000044c   Data          84  i2c.o(.bss)
    htim1                                    0x200004a0   Data          72  tim.o(.bss)
    htim2                                    0x200004e8   Data          72  tim.o(.bss)
    htim3                                    0x20000530   Data          72  tim.o(.bss)
    htim4                                    0x20000578   Data          72  tim.o(.bss)
    huart1                                   0x200005c0   Data          68  usart.o(.bss)
    huart2                                   0x20000604   Data          68  usart.o(.bss)
    huart3                                   0x20000648   Data          68  usart.o(.bss)
    hdma_usart2_rx                           0x2000068c   Data          68  usart.o(.bss)
    hdma_usart2_tx                           0x200006d0   Data          68  usart.o(.bss)
    hdma_usart3_rx                           0x20000714   Data          68  usart.o(.bss)
    hdma_usart3_tx                           0x20000758   Data          68  usart.o(.bss)
    ESP8266_Fram_Record_Struct               0x2000079c   Data        1026  esp01.o(.bss)
    balance_car                              0x20000ba0   Data          80  control_task.o(.bss)
    BLE_Receive_Buff                         0x20000bf0   Data          20  ble_task.o(.bss)
    BLE_Solve_Buff                           0x20000c04   Data          20  ble_task.o(.bss)
    nrf_receive                              0x20000c18   Data          32  nrf_task.o(.bss)
    rc_data                                  0x20000c38   Data          36  nrf_task.o(.bss)
    ESP_Receive_Buff                         0x20000c5c   Data         200  esp_task.o(.bss)
    __initial_sp                             0x20003a18   Data           0  startup_stm32f103xb.o(STACK)



==============================================================================

Memory Map of the image

  Image Entry point : 0x080000ed

  Load Region LR_IROM1 (Base: 0x08000000, Size: 0x000097dc, Max: 0x00010000, ABSOLUTE, COMPRESSED[0x00009694])

    Execution Region ER_IROM1 (Exec base: 0x08000000, Load base: 0x08000000, Size: 0x00009658, Max: 0x00010000, ABSOLUTE)

    Exec Addr    Load Addr    Size         Type   Attr      Idx    E Section Name        Object

    0x08000000   0x08000000   0x000000ec   Data   RO            3    RESET               startup_stm32f103xb.o
    0x080000ec   0x080000ec   0x00000000   Code   RO         6114  * .ARM.Collect$$$$00000000  mc_w.l(entry.o)
    0x080000ec   0x080000ec   0x00000004   Code   RO         6459    .ARM.Collect$$$$00000001  mc_w.l(entry2.o)
    0x080000f0   0x080000f0   0x00000004   Code   RO         6462    .ARM.Collect$$$$00000004  mc_w.l(entry5.o)
    0x080000f4   0x080000f4   0x00000000   Code   RO         6464    .ARM.Collect$$$$00000008  mc_w.l(entry7b.o)
    0x080000f4   0x080000f4   0x00000000   Code   RO         6466    .ARM.Collect$$$$0000000A  mc_w.l(entry8b.o)
    0x080000f4   0x080000f4   0x00000008   Code   RO         6467    .ARM.Collect$$$$0000000B  mc_w.l(entry9a.o)
    0x080000fc   0x080000fc   0x00000004   Code   RO         6474    .ARM.Collect$$$$0000000E  mc_w.l(entry12b.o)
    0x08000100   0x08000100   0x00000000   Code   RO         6469    .ARM.Collect$$$$0000000F  mc_w.l(entry10a.o)
    0x08000100   0x08000100   0x00000000   Code   RO         6471    .ARM.Collect$$$$00000011  mc_w.l(entry11a.o)
    0x08000100   0x08000100   0x00000004   Code   RO         6460    .ARM.Collect$$$$00002712  mc_w.l(entry2.o)
    0x08000104   0x08000104   0x00000096   Code   RO         6029    .emb_text           port.o
    0x0800019a   0x0800019a   0x00000002   PAD
    0x0800019c   0x0800019c   0x00000024   Code   RO            4    .text               startup_stm32f103xb.o
    0x080001c0   0x080001c0   0x00000020   Code   RO         6117    .text               mc_w.l(llushr.o)
    0x080001e0   0x080001e0   0x00000024   Code   RO         6119    .text               mc_w.l(memcpya.o)
    0x08000204   0x08000204   0x00000024   Code   RO         6123    .text               mc_w.l(memseta.o)
    0x08000228   0x08000228   0x00000018   Code   RO         6125    .text               mc_w.l(strcat.o)
    0x08000240   0x08000240   0x00000024   Code   RO         6127    .text               mc_w.l(strstr.o)
    0x08000264   0x08000264   0x0000000e   Code   RO         6129    .text               mc_w.l(strlen.o)
    0x08000272   0x08000272   0x00000012   Code   RO         6131    .text               mc_w.l(strcpy.o)
    0x08000284   0x08000284   0x00000038   Code   RO         6396    .text               mc_w.l(__0sscanf.o)
    0x080002bc   0x080002bc   0x0000014c   Code   RO         6398    .text               mc_w.l(_scanf_int.o)
    0x08000408   0x08000408   0x000000e0   Code   RO         6400    .text               mc_w.l(_scanf_str.o)
    0x080004e8   0x080004e8   0x000000b0   Code   RO         6402    .text               mf_w.l(fadd.o)
    0x08000598   0x08000598   0x00000064   Code   RO         6404    .text               mf_w.l(fmul.o)
    0x080005fc   0x080005fc   0x0000007c   Code   RO         6406    .text               mf_w.l(fdiv.o)
    0x08000678   0x08000678   0x0000014e   Code   RO         6408    .text               mf_w.l(dadd.o)
    0x080007c6   0x080007c6   0x000000e4   Code   RO         6410    .text               mf_w.l(dmul.o)
    0x080008aa   0x080008aa   0x000000de   Code   RO         6412    .text               mf_w.l(ddiv.o)
    0x08000988   0x08000988   0x00000012   Code   RO         6414    .text               mf_w.l(fflti.o)
    0x0800099a   0x0800099a   0x00000022   Code   RO         6418    .text               mf_w.l(dflti.o)
    0x080009bc   0x080009bc   0x0000001a   Code   RO         6420    .text               mf_w.l(dfltui.o)
    0x080009d6   0x080009d6   0x00000032   Code   RO         6422    .text               mf_w.l(ffixi.o)
    0x08000a08   0x08000a08   0x00000026   Code   RO         6426    .text               mf_w.l(f2d.o)
    0x08000a2e   0x08000a2e   0x00000038   Code   RO         6428    .text               mf_w.l(d2f.o)
    0x08000a66   0x08000a66   0x00000002   PAD
    0x08000a68   0x08000a68   0x00000014   Code   RO         6430    .text               mf_w.l(cfcmple.o)
    0x08000a7c   0x08000a7c   0x00000014   Code   RO         6432    .text               mf_w.l(cfrcmple.o)
    0x08000a90   0x08000a90   0x0000002c   Code   RO         6476    .text               mc_w.l(uidiv.o)
    0x08000abc   0x08000abc   0x0000001e   Code   RO         6480    .text               mc_w.l(llshl.o)
    0x08000ada   0x08000ada   0x00000024   Code   RO         6482    .text               mc_w.l(llsshr.o)
    0x08000afe   0x08000afe   0x0000001c   Code   RO         6491    .text               mc_w.l(_chval.o)
    0x08000b1a   0x08000b1a   0x00000002   PAD
    0x08000b1c   0x08000b1c   0x00000028   Code   RO         6493    .text               mc_w.l(scanf_char.o)
    0x08000b44   0x08000b44   0x00000040   Code   RO         6495    .text               mc_w.l(_sgetc.o)
    0x08000b84   0x08000b84   0x00000000   Code   RO         6497    .text               mc_w.l(iusefp.o)
    0x08000b84   0x08000b84   0x0000006e   Code   RO         6498    .text               mf_w.l(fepilogue.o)
    0x08000bf2   0x08000bf2   0x000000ba   Code   RO         6500    .text               mf_w.l(depilogue.o)
    0x08000cac   0x08000cac   0x00000030   Code   RO         6504    .text               mf_w.l(cdcmple.o)
    0x08000cdc   0x08000cdc   0x00000024   Code   RO         6512    .text               mc_w.l(init.o)
    0x08000d00   0x08000d00   0x0000000a   Code   RO         6514    .text               mc_w.l(isspace_c.o)
    0x08000d0a   0x08000d0a   0x00000002   PAD
    0x08000d0c   0x08000d0c   0x00000330   Code   RO         6516    .text               mc_w.l(_scanf.o)
    0x0800103c   0x0800103c   0x0000002e   Code   RO         6518    .text               mf_w.l(dscalb.o)
    0x0800106a   0x0800106a   0x00000002   PAD
    0x0800106c   0x0800106c   0x00000028   Code   RO         6520    .text               mc_w.l(ctype_c.o)
    0x08001094   0x08001094   0x00000056   Code   RO         6531    .text               mc_w.l(__dczerorl2.o)
    0x080010ea   0x080010ea   0x0000005c   Code   RO          743    i.ADC_ConversionStop_Disable  stm32f1xx_hal_adc.o
    0x08001146   0x08001146   0x00000052   Code   RO          744    i.ADC_DMAConvCplt   stm32f1xx_hal_adc.o
    0x08001198   0x08001198   0x0000001e   Code   RO          745    i.ADC_DMAError      stm32f1xx_hal_adc.o
    0x080011b6   0x080011b6   0x0000000e   Code   RO          746    i.ADC_DMAHalfConvCplt  stm32f1xx_hal_adc.o
    0x080011c4   0x080011c4   0x00000090   Code   RO          747    i.ADC_Enable        stm32f1xx_hal_adc.o
    0x08001254   0x08001254   0x00000004   Code   RO          589    i.BusFault_Handler  stm32f1xx_it.o
    0x08001258   0x08001258   0x00000010   Code   RO          590    i.DMA1_Channel1_IRQHandler  stm32f1xx_it.o
    0x08001268   0x08001268   0x00000024   Code   RO         4608    i.DMA1_Channel2_IRQHandler  ble_task.o
    0x0800128c   0x0800128c   0x00000010   Code   RO          591    i.DMA1_Channel3_IRQHandler  stm32f1xx_it.o
    0x0800129c   0x0800129c   0x00000010   Code   RO          592    i.DMA1_Channel6_IRQHandler  stm32f1xx_it.o
    0x080012ac   0x080012ac   0x00000024   Code   RO         4703    i.DMA1_Channel7_IRQHandler  esp_task.o
    0x080012d0   0x080012d0   0x0000002c   Code   RO         1402    i.DMA_SetConfig     stm32f1xx_hal_dma.o
    0x080012fc   0x080012fc   0x00000002   Code   RO          593    i.DebugMon_Handler  stm32f1xx_it.o
    0x080012fe   0x080012fe   0x00000002   PAD
    0x08001300   0x08001300   0x00000034   Code   RO         4243    i.ESP8266_Create_Tcp_server  esp01.o
    0x08001334   0x08001334   0x00000040   Code   RO         4244    i.ESP8266_Enable_MultipleId  esp01.o
    0x08001374   0x08001374   0x00000078   Code   RO         4249    i.ESP8266_Net_Mode_Choose  esp01.o
    0x080013ec   0x080013ec   0x000000fc   Code   RO         4251    i.ESP8266_Send_AT_Cmd  esp01.o
    0x080014e8   0x080014e8   0x00000080   Code   RO         4704    i.ESP8266_TCP_AP_SET  esp_task.o
    0x08001568   0x08001568   0x0000000c   Code   RO          594    i.EXTI15_10_IRQHandler  stm32f1xx_it.o
    0x08001574   0x08001574   0x00000002   Code   RO           13    i.Error_Handler     main.o
    0x08001576   0x08001576   0x00000002   PAD
    0x08001578   0x08001578   0x00000160   Code   RO          749    i.HAL_ADC_ConfigChannel  stm32f1xx_hal_adc.o
    0x080016d8   0x080016d8   0x00000002   Code   RO         4362    i.HAL_ADC_ConvCpltCallback  bsp_adc.o
    0x080016da   0x080016da   0x00000002   Code   RO          751    i.HAL_ADC_ConvHalfCpltCallback  stm32f1xx_hal_adc.o
    0x080016dc   0x080016dc   0x00000002   Code   RO          753    i.HAL_ADC_ErrorCallback  stm32f1xx_hal_adc.o
    0x080016de   0x080016de   0x00000002   PAD
    0x080016e0   0x080016e0   0x00000144   Code   RO          758    i.HAL_ADC_Init      stm32f1xx_hal_adc.o
    0x08001824   0x08001824   0x000000b0   Code   RO          307    i.HAL_ADC_MspInit   adc.o
    0x080018d4   0x080018d4   0x00000180   Code   RO          765    i.HAL_ADC_Start_DMA  stm32f1xx_hal_adc.o
    0x08001a54   0x08001a54   0x00000056   Code   RO         1403    i.HAL_DMA_Abort     stm32f1xx_hal_dma.o
    0x08001aaa   0x08001aaa   0x00000002   PAD
    0x08001aac   0x08001aac   0x0000019c   Code   RO         1408    i.HAL_DMA_IRQHandler  stm32f1xx_hal_dma.o
    0x08001c48   0x08001c48   0x00000068   Code   RO         1409    i.HAL_DMA_Init      stm32f1xx_hal_dma.o
    0x08001cb0   0x08001cb0   0x0000009c   Code   RO         1413    i.HAL_DMA_Start_IT  stm32f1xx_hal_dma.o
    0x08001d4c   0x08001d4c   0x00000028   Code   RO         1026    i.HAL_Delay         stm32f1xx_hal.o
    0x08001d74   0x08001d74   0x00000040   Code   RO         4498    i.HAL_GPIO_EXTI_Callback  control_task.o
    0x08001db4   0x08001db4   0x0000001c   Code   RO         1338    i.HAL_GPIO_EXTI_IRQHandler  stm32f1xx_hal_gpio.o
    0x08001dd0   0x08001dd0   0x00000320   Code   RO         1339    i.HAL_GPIO_Init     stm32f1xx_hal_gpio.o
    0x080020f0   0x080020f0   0x00000010   Code   RO         1341    i.HAL_GPIO_ReadPin  stm32f1xx_hal_gpio.o
    0x08002100   0x08002100   0x0000000c   Code   RO         1343    i.HAL_GPIO_WritePin  stm32f1xx_hal_gpio.o
    0x0800210c   0x0800210c   0x0000000c   Code   RO         1030    i.HAL_GetTick       stm32f1xx_hal.o
    0x08002118   0x08002118   0x000001d0   Code   RO         2036    i.HAL_I2C_Init      stm32f1xx_hal_i2c.o
    0x080022e8   0x080022e8   0x00000364   Code   RO         2054    i.HAL_I2C_Mem_Read  stm32f1xx_hal_i2c.o
    0x0800264c   0x0800264c   0x00000164   Code   RO         2057    i.HAL_I2C_Mem_Write  stm32f1xx_hal_i2c.o
    0x080027b0   0x080027b0   0x0000008c   Code   RO          373    i.HAL_I2C_MspInit   i2c.o
    0x0800283c   0x0800283c   0x00000018   Code   RO         1036    i.HAL_IncTick       stm32f1xx_hal.o
    0x08002854   0x08002854   0x00000028   Code   RO         1037    i.HAL_Init          stm32f1xx_hal.o
    0x0800287c   0x0800287c   0x0000004c   Code   RO         1038    i.HAL_InitTick      stm32f1xx_hal.o
    0x080028c8   0x080028c8   0x00000054   Code   RO          683    i.HAL_MspInit       stm32f1xx_hal_msp.o
    0x0800291c   0x0800291c   0x00000020   Code   RO         1499    i.HAL_NVIC_EnableIRQ  stm32f1xx_hal_cortex.o
    0x0800293c   0x0800293c   0x0000007c   Code   RO         1505    i.HAL_NVIC_SetPriority  stm32f1xx_hal_cortex.o
    0x080029b8   0x080029b8   0x00000028   Code   RO         1506    i.HAL_NVIC_SetPriorityGrouping  stm32f1xx_hal_cortex.o
    0x080029e0   0x080029e0   0x00000130   Code   RO         1302    i.HAL_RCCEx_PeriphCLKConfig  stm32f1xx_hal_rcc_ex.o
    0x08002b10   0x08002b10   0x0000018c   Code   RO         1194    i.HAL_RCC_ClockConfig  stm32f1xx_hal_rcc.o
    0x08002c9c   0x08002c9c   0x0000000c   Code   RO         1199    i.HAL_RCC_GetHCLKFreq  stm32f1xx_hal_rcc.o
    0x08002ca8   0x08002ca8   0x00000020   Code   RO         1201    i.HAL_RCC_GetPCLK1Freq  stm32f1xx_hal_rcc.o
    0x08002cc8   0x08002cc8   0x00000020   Code   RO         1202    i.HAL_RCC_GetPCLK2Freq  stm32f1xx_hal_rcc.o
    0x08002ce8   0x08002ce8   0x00000094   Code   RO         1203    i.HAL_RCC_GetSysClockFreq  stm32f1xx_hal_rcc.o
    0x08002d7c   0x08002d7c   0x00000464   Code   RO         1206    i.HAL_RCC_OscConfig  stm32f1xx_hal_rcc.o
    0x080031e0   0x080031e0   0x00000034   Code   RO         1510    i.HAL_SYSTICK_Config  stm32f1xx_hal_cortex.o
    0x08003214   0x08003214   0x00000002   Code   RO         3214    i.HAL_TIMEx_BreakCallback  stm32f1xx_hal_tim_ex.o
    0x08003216   0x08003216   0x00000002   Code   RO         3215    i.HAL_TIMEx_CommutCallback  stm32f1xx_hal_tim_ex.o
    0x08003218   0x08003218   0x00000074   Code   RO         3217    i.HAL_TIMEx_ConfigBreakDeadTime  stm32f1xx_hal_tim_ex.o
    0x0800328c   0x0800328c   0x00000084   Code   RO         3233    i.HAL_TIMEx_MasterConfigSynchronization  stm32f1xx_hal_tim_ex.o
    0x08003310   0x08003310   0x00000066   Code   RO         2499    i.HAL_TIM_Base_Init  stm32f1xx_hal_tim.o
    0x08003376   0x08003376   0x00000002   PAD
    0x08003378   0x08003378   0x000000ac   Code   RO          452    i.HAL_TIM_Base_MspInit  tim.o
    0x08003424   0x08003424   0x0000006c   Code   RO         2502    i.HAL_TIM_Base_Start  stm32f1xx_hal_tim.o
    0x08003490   0x08003490   0x00000078   Code   RO         2504    i.HAL_TIM_Base_Start_IT  stm32f1xx_hal_tim.o
    0x08003508   0x08003508   0x00000108   Code   RO         2508    i.HAL_TIM_ConfigClockSource  stm32f1xx_hal_tim.o
    0x08003610   0x08003610   0x000000c4   Code   RO         2520    i.HAL_TIM_Encoder_Init  stm32f1xx_hal_tim.o
    0x080036d4   0x080036d4   0x000000c8   Code   RO          454    i.HAL_TIM_Encoder_MspInit  tim.o
    0x0800379c   0x0800379c   0x000000cc   Code   RO         2523    i.HAL_TIM_Encoder_Start  stm32f1xx_hal_tim.o
    0x08003868   0x08003868   0x000000b4   Code   RO         4403    i.HAL_TIM_IC_CaptureCallback  hc_sr04.o
    0x0800391c   0x0800391c   0x000000d4   Code   RO         2535    i.HAL_TIM_IC_ConfigChannel  stm32f1xx_hal_tim.o
    0x080039f0   0x080039f0   0x00000066   Code   RO         2538    i.HAL_TIM_IC_Init   stm32f1xx_hal_tim.o
    0x08003a56   0x08003a56   0x00000002   Code   RO         2540    i.HAL_TIM_IC_MspInit  stm32f1xx_hal_tim.o
    0x08003a58   0x08003a58   0x00000158   Code   RO         2543    i.HAL_TIM_IC_Start_IT  stm32f1xx_hal_tim.o
    0x08003bb0   0x08003bb0   0x00000196   Code   RO         2547    i.HAL_TIM_IRQHandler  stm32f1xx_hal_tim.o
    0x08003d46   0x08003d46   0x00000002   PAD
    0x08003d48   0x08003d48   0x00000058   Code   RO          455    i.HAL_TIM_MspPostInit  tim.o
    0x08003da0   0x08003da0   0x00000002   Code   RO         2550    i.HAL_TIM_OC_DelayElapsedCallback  stm32f1xx_hal_tim.o
    0x08003da2   0x08003da2   0x000000fc   Code   RO         2571    i.HAL_TIM_PWM_ConfigChannel  stm32f1xx_hal_tim.o
    0x08003e9e   0x08003e9e   0x00000066   Code   RO         2574    i.HAL_TIM_PWM_Init  stm32f1xx_hal_tim.o
    0x08003f04   0x08003f04   0x00000002   Code   RO         2576    i.HAL_TIM_PWM_MspInit  stm32f1xx_hal_tim.o
    0x08003f06   0x08003f06   0x00000002   Code   RO         2577    i.HAL_TIM_PWM_PulseFinishedCallback  stm32f1xx_hal_tim.o
    0x08003f08   0x08003f08   0x000000d4   Code   RO         2579    i.HAL_TIM_PWM_Start  stm32f1xx_hal_tim.o
    0x08003fdc   0x08003fdc   0x00000010   Code   RO         4404    i.HAL_TIM_PeriodElapsedCallback  hc_sr04.o
    0x08003fec   0x08003fec   0x00000002   Code   RO         2590    i.HAL_TIM_TriggerCallback  stm32f1xx_hal_tim.o
    0x08003fee   0x08003fee   0x00000002   Code   RO         3492    i.HAL_UARTEx_RxEventCallback  stm32f1xx_hal_uart.o
    0x08003ff0   0x08003ff0   0x00000066   Code   RO         3504    i.HAL_UART_DMAStop  stm32f1xx_hal_uart.o
    0x08004056   0x08004056   0x00000002   Code   RO         3506    i.HAL_UART_ErrorCallback  stm32f1xx_hal_uart.o
    0x08004058   0x08004058   0x00000072   Code   RO         3510    i.HAL_UART_Init     stm32f1xx_hal_uart.o
    0x080040ca   0x080040ca   0x00000002   PAD
    0x080040cc   0x080040cc   0x0000027c   Code   RO          530    i.HAL_UART_MspInit  usart.o
    0x08004348   0x08004348   0x00000042   Code   RO         3514    i.HAL_UART_Receive_DMA  stm32f1xx_hal_uart.o
    0x0800438a   0x0800438a   0x00000002   Code   RO         3516    i.HAL_UART_RxCpltCallback  stm32f1xx_hal_uart.o
    0x0800438c   0x0800438c   0x00000002   Code   RO         3517    i.HAL_UART_RxHalfCpltCallback  stm32f1xx_hal_uart.o
    0x0800438e   0x0800438e   0x000000d2   Code   RO         3518    i.HAL_UART_Transmit  stm32f1xx_hal_uart.o
    0x08004460   0x08004460   0x00000004   Code   RO          595    i.HardFault_Handler  stm32f1xx_it.o
    0x08004464   0x08004464   0x0000003e   Code   RO         2079    i.I2C_IsAcknowledgeFailed  stm32f1xx_hal_i2c.o
    0x080044a2   0x080044a2   0x00000002   PAD
    0x080044a4   0x080044a4   0x00000160   Code   RO         2090    i.I2C_RequestMemoryRead  stm32f1xx_hal_i2c.o
    0x08004604   0x08004604   0x000000e0   Code   RO         2091    i.I2C_RequestMemoryWrite  stm32f1xx_hal_i2c.o
    0x080046e4   0x080046e4   0x0000005c   Code   RO         2099    i.I2C_WaitOnBTFFlagUntilTimeout  stm32f1xx_hal_i2c.o
    0x08004740   0x08004740   0x00000086   Code   RO         2100    i.I2C_WaitOnFlagUntilTimeout  stm32f1xx_hal_i2c.o
    0x080047c6   0x080047c6   0x000000c4   Code   RO         2101    i.I2C_WaitOnMasterAddressFlagUntilTimeout  stm32f1xx_hal_i2c.o
    0x0800488a   0x0800488a   0x00000080   Code   RO         2102    i.I2C_WaitOnRXNEFlagUntilTimeout  stm32f1xx_hal_i2c.o
    0x0800490a   0x0800490a   0x0000005c   Code   RO         2105    i.I2C_WaitOnTXEFlagUntilTimeout  stm32f1xx_hal_i2c.o
    0x08004966   0x08004966   0x0000021c   Code   RO         4463    i.Kalman_getAngle   filter.o
    0x08004b82   0x08004b82   0x00000002   PAD
    0x08004b84   0x08004b84   0x000000a0   Code   RO          308    i.MX_ADC1_Init      adc.o
    0x08004c24   0x08004c24   0x00000074   Code   RO          348    i.MX_DMA_Init       dma.o
    0x08004c98   0x08004c98   0x000000b8   Code   RO          241    i.MX_FREERTOS_Init  freertos.o
    0x08004d50   0x08004d50   0x0000014c   Code   RO          217    i.MX_GPIO_Init      gpio.o
    0x08004e9c   0x08004e9c   0x0000003c   Code   RO          374    i.MX_I2C1_Init      i2c.o
    0x08004ed8   0x08004ed8   0x000000e8   Code   RO          456    i.MX_TIM1_Init      tim.o
    0x08004fc0   0x08004fc0   0x00000078   Code   RO          457    i.MX_TIM2_Init      tim.o
    0x08005038   0x08005038   0x000000a0   Code   RO          458    i.MX_TIM3_Init      tim.o
    0x080050d8   0x080050d8   0x0000007c   Code   RO          459    i.MX_TIM4_Init      tim.o
    0x08005154   0x08005154   0x00000038   Code   RO          531    i.MX_USART1_UART_Init  usart.o
    0x0800518c   0x0800518c   0x00000038   Code   RO          532    i.MX_USART2_UART_Init  usart.o
    0x080051c4   0x080051c4   0x00000038   Code   RO          533    i.MX_USART3_UART_Init  usart.o
    0x080051fc   0x080051fc   0x00000004   Code   RO          596    i.MemManage_Handler  stm32f1xx_it.o
    0x08005200   0x08005200   0x00000002   Code   RO          597    i.NMI_Handler       stm32f1xx_it.o
    0x08005202   0x08005202   0x00000002   PAD
    0x08005204   0x08005204   0x00000040   Code   RO         4084    i.NRF24L01_Check    nrf24l01.o
    0x08005244   0x08005244   0x0000001c   Code   RO         4085    i.NRF24L01_Init     nrf24l01.o
    0x08005260   0x08005260   0x00000050   Code   RO         4086    i.NRF24L01_RX_Mode  nrf24l01.o
    0x080052b0   0x080052b0   0x00000038   Code   RO         4087    i.NRF24L01_Read_Buf  nrf24l01.o
    0x080052e8   0x080052e8   0x00000022   Code   RO         4088    i.NRF24L01_Read_Reg  nrf24l01.o
    0x0800530a   0x0800530a   0x00000034   Code   RO         4089    i.NRF24L01_RxPacket  nrf24l01.o
    0x0800533e   0x0800533e   0x00000038   Code   RO         4092    i.NRF24L01_Write_Buf  nrf24l01.o
    0x08005376   0x08005376   0x00000024   Code   RO         4093    i.NRF24L01_Write_Reg  nrf24l01.o
    0x0800539a   0x0800539a   0x00000002   PAD
    0x0800539c   0x0800539c   0x00000028   Code   RO         1207    i.RCC_Delay         stm32f1xx_hal_rcc.o
    0x080053c4   0x080053c4   0x0000000a   Code   RO          242    i.StartDefaultTask  freertos.o
    0x080053ce   0x080053ce   0x00000014   Code   RO          598    i.SysTick_Handler   stm32f1xx_it.o
    0x080053e2   0x080053e2   0x00000084   Code   RO           14    i.SystemClock_Config  main.o
    0x08005466   0x08005466   0x00000002   Code   RO         3849    i.SystemInit        system_stm32f1xx.o
    0x08005468   0x08005468   0x00000010   Code   RO          599    i.TIM3_IRQHandler   stm32f1xx_it.o
    0x08005478   0x08005478   0x00000074   Code   RO         2592    i.TIM_Base_SetConfig  stm32f1xx_hal_tim.o
    0x080054ec   0x080054ec   0x00000022   Code   RO         2593    i.TIM_CCxChannelCmd  stm32f1xx_hal_tim.o
    0x0800550e   0x0800550e   0x00000016   Code   RO         2603    i.TIM_ETR_SetConfig  stm32f1xx_hal_tim.o
    0x08005524   0x08005524   0x00000012   Code   RO         2604    i.TIM_ITRx_SetConfig  stm32f1xx_hal_tim.o
    0x08005536   0x08005536   0x00000002   PAD
    0x08005538   0x08005538   0x00000060   Code   RO         2605    i.TIM_OC1_SetConfig  stm32f1xx_hal_tim.o
    0x08005598   0x08005598   0x00000068   Code   RO         2606    i.TIM_OC2_SetConfig  stm32f1xx_hal_tim.o
    0x08005600   0x08005600   0x00000068   Code   RO         2607    i.TIM_OC3_SetConfig  stm32f1xx_hal_tim.o
    0x08005668   0x08005668   0x00000048   Code   RO         2608    i.TIM_OC4_SetConfig  stm32f1xx_hal_tim.o
    0x080056b0   0x080056b0   0x00000026   Code   RO         2610    i.TIM_TI1_ConfigInputStage  stm32f1xx_hal_tim.o
    0x080056d6   0x080056d6   0x00000002   PAD
    0x080056d8   0x080056d8   0x00000068   Code   RO         2611    i.TIM_TI1_SetConfig  stm32f1xx_hal_tim.o
    0x08005740   0x08005740   0x00000028   Code   RO         2612    i.TIM_TI2_ConfigInputStage  stm32f1xx_hal_tim.o
    0x08005768   0x08005768   0x0000003a   Code   RO         2613    i.TIM_TI2_SetConfig  stm32f1xx_hal_tim.o
    0x080057a2   0x080057a2   0x00000038   Code   RO         2614    i.TIM_TI3_SetConfig  stm32f1xx_hal_tim.o
    0x080057da   0x080057da   0x0000003c   Code   RO         2615    i.TIM_TI4_SetConfig  stm32f1xx_hal_tim.o
    0x08005816   0x08005816   0x00000050   Code   RO         3524    i.UART_DMAError     stm32f1xx_hal_uart.o
    0x08005866   0x08005866   0x00000068   Code   RO         3525    i.UART_DMAReceiveCplt  stm32f1xx_hal_uart.o
    0x080058ce   0x080058ce   0x00000020   Code   RO         3527    i.UART_DMARxHalfCplt  stm32f1xx_hal_uart.o
    0x080058ee   0x080058ee   0x00000036   Code   RO         3533    i.UART_EndRxTransfer  stm32f1xx_hal_uart.o
    0x08005924   0x08005924   0x00000014   Code   RO         3535    i.UART_EndTxTransfer  stm32f1xx_hal_uart.o
    0x08005938   0x08005938   0x000000fc   Code   RO         3537    i.UART_SetConfig    stm32f1xx_hal_uart.o
    0x08005a34   0x08005a34   0x00000098   Code   RO         3538    i.UART_Start_Receive_DMA  stm32f1xx_hal_uart.o
    0x08005acc   0x08005acc   0x0000006c   Code   RO         3541    i.UART_WaitOnFlagUntilTimeout  stm32f1xx_hal_uart.o
    0x08005b38   0x08005b38   0x00000130   Code   RO         4705    i.USART2_IRQHandler  esp_task.o
    0x08005c68   0x08005c68   0x000000b4   Code   RO         4609    i.USART3_IRQHandler  ble_task.o
    0x08005d1c   0x08005d1c   0x00000004   Code   RO          600    i.UsageFault_Handler  stm32f1xx_it.o
    0x08005d20   0x08005d20   0x00000020   Code   RO         6224    i.__0printf$3       mc_w.l(printf3.o)
    0x08005d40   0x08005d40   0x00000028   Code   RO         6226    i.__0sprintf$3      mc_w.l(printf3.o)
    0x08005d68   0x08005d68   0x00000028   Code   RO         6508    i.__ARM_fpclassify  m_ws.l(fpclassify.o)
    0x08005d90   0x08005d90   0x00000010   Code   RO         1512    i.__NVIC_GetPriorityGrouping  stm32f1xx_hal_cortex.o
    0x08005da0   0x08005da0   0x00000028   Code   RO         1513    i.__NVIC_SetPriority  stm32f1xx_hal_cortex.o
    0x08005dc8   0x08005dc8   0x000000aa   Code   RO         6510    i.__kernel_poly     m_ws.l(poly.o)
    0x08005e72   0x08005e72   0x00000006   Code   RO         6445    i.__mathlib_dbl_infnan  m_ws.l(dunder.o)
    0x08005e78   0x08005e78   0x00000004   Code   RO         6446    i.__mathlib_dbl_infnan2  m_ws.l(dunder.o)
    0x08005e7c   0x08005e7c   0x00000010   Code   RO         6450    i.__mathlib_dbl_underflow  m_ws.l(dunder.o)
    0x08005e8c   0x08005e8c   0x0000000e   Code   RO         6525    i.__scatterload_copy  mc_w.l(handlers.o)
    0x08005e9a   0x08005e9a   0x00000002   Code   RO         6526    i.__scatterload_null  mc_w.l(handlers.o)
    0x08005e9c   0x08005e9c   0x0000000e   Code   RO         6527    i.__scatterload_zeroinit  mc_w.l(handlers.o)
    0x08005eaa   0x08005eaa   0x00000002   PAD
    0x08005eac   0x08005eac   0x0000000c   Code   RO         6486    i.__set_errno       mc_w.l(errno.o)
    0x08005eb8   0x08005eb8   0x000001b8   Code   RO         6231    i._printf_core      mc_w.l(printf3.o)
    0x08006070   0x08006070   0x0000000a   Code   RO         6233    i._sputc            mc_w.l(printf3.o)
    0x0800607a   0x0800607a   0x00000002   PAD
    0x0800607c   0x0800607c   0x00000018   Code   RO         4363    i.adc_convert       bsp_adc.o
    0x08006094   0x08006094   0x00000078   Code   RO         4499    i.angle_control     control_task.o
    0x0800610c   0x0800610c   0x00000220   Code   RO         6435    i.atan              m_ws.l(atan.o)
    0x0800632c   0x0800632c   0x0000019c   Code   RO         6107    i.atan2             m_ws.l(atan2.o)
    0x080064c8   0x080064c8   0x00000160   Code   RO         4610    i.ble_task          ble_task.o
    0x08006628   0x08006628   0x0000026c   Code   RO         4500    i.control_task      control_task.o
    0x08006894   0x08006894   0x00000014   Code   RO          375    i.create_i2c_mutex  i2c.o
    0x080068a8   0x080068a8   0x00000018   Code   RO         4254    i.esp01_uart_send_data  esp01.o
    0x080068c0   0x080068c0   0x000000d0   Code   RO         4706    i.esp_task          esp_task.o
    0x08006990   0x08006990   0x00000038   Code   RO         4707    i.extractData       esp_task.o
    0x080069c8   0x080069c8   0x0000001c   Code   RO          534    i.fputc             usart.o
    0x080069e4   0x080069e4   0x00000008   Code   RO         4501    i.get_car_statu     control_task.o
    0x080069ec   0x080069ec   0x0000000c   Code   RO         4255    i.get_esp_config_mode  esp01.o
    0x080069f8   0x080069f8   0x00000014   Code   RO         4095    i.get_miso_level    nrf24l01.o
    0x08006a0c   0x08006a0c   0x00000048   Code   RO         4364    i.get_power_value   bsp_adc.o
    0x08006a54   0x08006a54   0x00000008   Code   RO         4648    i.get_rc_data       nrf_task.o
    0x08006a5c   0x08006a5c   0x0000000c   Code   RO         4256    i.get_send_count    esp01.o
    0x08006a68   0x08006a68   0x00000020   Code   RO         4407    i.hc_sr04_init      hc_sr04.o
    0x08006a88   0x08006a88   0x00000040   Code   RO           15    i.main              main.o
    0x08006ac8   0x08006ac8   0x0000000e   Code   RO         5589    i.makeFreeRtosPriority  cmsis_os.o
    0x08006ad6   0x08006ad6   0x00000002   PAD
    0x08006ad8   0x08006ad8   0x00000038   Code   RO         4045    i.motor_init        bsp_motor.o
    0x08006b10   0x08006b10   0x00000090   Code   RO         4046    i.motor_set_pwm     bsp_motor.o
    0x08006ba0   0x08006ba0   0x0000000c   Code   RO         3952    i.mpu6050_delay_ms  mpu6050.o
    0x08006bac   0x08006bac   0x00000058   Code   RO         3953    i.mpu6050_get_acc   mpu6050.o
    0x08006c04   0x08006c04   0x00000058   Code   RO         3954    i.mpu6050_get_gyro  mpu6050.o
    0x08006c5c   0x08006c5c   0x0000007e   Code   RO         3956    i.mpu6050_init      mpu6050.o
    0x08006cda   0x08006cda   0x00000018   Code   RO         3957    i.mpu6050_read_bytes  mpu6050.o
    0x08006cf2   0x08006cf2   0x00000014   Code   RO         3958    i.mpu6050_read_one_byte  mpu6050.o
    0x08006d06   0x08006d06   0x00000012   Code   RO         3959    i.mpu6050_set_acc_fsr  mpu6050.o
    0x08006d18   0x08006d18   0x00000016   Code   RO         3960    i.mpu6050_set_gyro_fsr  mpu6050.o
    0x08006d2e   0x08006d2e   0x0000003c   Code   RO         3961    i.mpu6050_set_lpf   mpu6050.o
    0x08006d6a   0x08006d6a   0x0000003a   Code   RO         3962    i.mpu6050_set_rate  mpu6050.o
    0x08006da4   0x08006da4   0x00000012   Code   RO         3963    i.mpu6050_write_one_byte  mpu6050.o
    0x08006db6   0x08006db6   0x00000002   PAD
    0x08006db8   0x08006db8   0x00000014   Code   RO         4650    i.nrf_data_init     nrf_task.o
    0x08006dcc   0x08006dcc   0x00000018   Code   RO         4096    i.nrf_read_write_byte  nrf24l01.o
    0x08006de4   0x08006de4   0x0000015c   Code   RO         4651    i.nrf_receive_data_unpack  nrf_task.o
    0x08006f40   0x08006f40   0x00000002   Code   RO         4097    i.nrf_spi_init      nrf24l01.o
    0x08006f42   0x08006f42   0x00000002   PAD
    0x08006f44   0x08006f44   0x00000034   Code   RO         4652    i.nrf_task          nrf_task.o
    0x08006f78   0x08006f78   0x00000018   Code   RO         5591    i.osDelay           cmsis_os.o
    0x08006f90   0x08006f90   0x0000000a   Code   RO         5594    i.osKernelStart     cmsis_os.o
    0x08006f9a   0x08006f9a   0x0000005e   Code   RO         5628    i.osThreadCreate    cmsis_os.o
    0x08006ff8   0x08006ff8   0x00000030   Code   RO         5235    i.pcTaskGetName     tasks.o
    0x08007028   0x08007028   0x000000a4   Code   RO         5236    i.prvAddCurrentTaskToDelayedList  tasks.o
    0x080070cc   0x080070cc   0x000000b4   Code   RO         5237    i.prvAddNewTaskToReadyList  tasks.o
    0x08007180   0x08007180   0x00000048   Code   RO         5238    i.prvCheckTasksWaitingTermination  tasks.o
    0x080071c8   0x080071c8   0x0000002a   Code   RO         4898    i.prvCopyDataFromQueue  queue.o
    0x080071f2   0x080071f2   0x0000007c   Code   RO         4899    i.prvCopyDataToQueue  queue.o
    0x0800726e   0x0800726e   0x00000050   Code   RO         5239    i.prvDeleteTCB      tasks.o
    0x080072be   0x080072be   0x00000014   Code   RO         4900    i.prvGetDisinheritPriorityAfterTimeout  queue.o
    0x080072d2   0x080072d2   0x00000002   PAD
    0x080072d4   0x080072d4   0x0000007c   Code   RO         5968    i.prvHeapInit       heap_4.o
    0x08007350   0x08007350   0x00000028   Code   RO         5240    i.prvIdleTask       tasks.o
    0x08007378   0x08007378   0x0000001c   Code   RO         4901    i.prvInitialiseMutex  queue.o
    0x08007394   0x08007394   0x00000026   Code   RO         4902    i.prvInitialiseNewQueue  queue.o
    0x080073ba   0x080073ba   0x000000b8   Code   RO         5241    i.prvInitialiseNewTask  tasks.o
    0x08007472   0x08007472   0x00000002   PAD
    0x08007474   0x08007474   0x00000068   Code   RO         5242    i.prvInitialiseTaskLists  tasks.o
    0x080074dc   0x080074dc   0x00000068   Code   RO         5969    i.prvInsertBlockIntoFreeList  heap_4.o
    0x08007544   0x08007544   0x0000001a   Code   RO         4903    i.prvIsQueueEmpty   queue.o
    0x0800755e   0x0800755e   0x0000001e   Code   RO         4904    i.prvIsQueueFull    queue.o
    0x0800757c   0x0800757c   0x00000034   Code   RO         5243    i.prvResetNextTaskUnblockTime  tasks.o
    0x080075b0   0x080075b0   0x0000009e   Code   RO         5244    i.prvSearchForNameWithinSingleList  tasks.o
    0x0800764e   0x0800764e   0x00000002   PAD
    0x08007650   0x08007650   0x00000040   Code   RO         6030    i.prvTaskExitError  port.o
    0x08007690   0x08007690   0x0000007e   Code   RO         4905    i.prvUnlockQueue    queue.o
    0x0800770e   0x0800770e   0x00000002   PAD
    0x08007710   0x08007710   0x0000013c   Code   RO         5970    i.pvPortMalloc      heap_4.o
    0x0800784c   0x0800784c   0x00000020   Code   RO         5247    i.pvTaskIncrementMutexHeldCount  tasks.o
    0x0800786c   0x0800786c   0x00000024   Code   RO         6031    i.pxPortInitialiseStack  port.o
    0x08007890   0x08007890   0x00000040   Code   RO         4047    i.read_encoder      bsp_motor.o
    0x080078d0   0x080078d0   0x00000028   Code   RO         4502    i.set_car_pid       control_task.o
    0x080078f8   0x080078f8   0x0000000c   Code   RO         4503    i.set_car_speed     control_task.o
    0x08007904   0x08007904   0x0000000c   Code   RO         4504    i.set_car_turn      control_task.o
    0x08007910   0x08007910   0x00000024   Code   RO         4098    i.set_ce_level      nrf24l01.o
    0x08007934   0x08007934   0x00000024   Code   RO         4099    i.set_csn_level     nrf24l01.o
    0x08007958   0x08007958   0x0000004c   Code   RO         4505    i.set_dead_time_pwm  control_task.o
    0x080079a4   0x080079a4   0x00000024   Code   RO         4100    i.set_mosi_level    nrf24l01.o
    0x080079c8   0x080079c8   0x00000024   Code   RO         4101    i.set_sck_level     nrf24l01.o
    0x080079ec   0x080079ec   0x00000012   Code   RO         4213    i.soft_spi_init     bsp_soft_spi.o
    0x080079fe   0x080079fe   0x00000146   Code   RO         4214    i.soft_spi_read_write_byte  bsp_soft_spi.o
    0x08007b44   0x08007b44   0x00000148   Code   RO         4506    i.speed_control     control_task.o
    0x08007c8c   0x08007c8c   0x0000002c   Code   RO         4408    i.trig_send_pluse   hc_sr04.o
    0x08007cb8   0x08007cb8   0x0000004a   Code   RO         4507    i.turn_control      control_task.o
    0x08007d02   0x08007d02   0x00000002   PAD
    0x08007d04   0x08007d04   0x00000068   Code   RO          376    i.u_i2c1_read_byte  i2c.o
    0x08007d6c   0x08007d6c   0x00000068   Code   RO          377    i.u_i2c1_read_bytes  i2c.o
    0x08007dd4   0x08007dd4   0x00000068   Code   RO          378    i.u_i2c1_write_byte  i2c.o
    0x08007e3c   0x08007e3c   0x0000003c   Code   RO         4584    i.ui_task           ui_task.o
    0x08007e78   0x08007e78   0x00000074   Code   RO         5248    i.ulTaskNotifyTake  tasks.o
    0x08007eec   0x08007eec   0x00000028   Code   RO         4858    i.uxListRemove      list.o
    0x08007f14   0x08007f14   0x00000018   Code   RO          243    i.vApplicationGetIdleTaskMemory  freertos.o
    0x08007f2c   0x08007f2c   0x0000001a   Code   RO         4859    i.vListInitialise   list.o
    0x08007f46   0x08007f46   0x00000006   Code   RO         4860    i.vListInitialiseItem  list.o
    0x08007f4c   0x08007f4c   0x00000034   Code   RO         4861    i.vListInsert       list.o
    0x08007f80   0x08007f80   0x00000018   Code   RO         4862    i.vListInsertEnd    list.o
    0x08007f98   0x08007f98   0x00000054   Code   RO         6033    i.vPortEnterCritical  port.o
    0x08007fec   0x08007fec   0x0000003c   Code   RO         6034    i.vPortExitCritical  port.o
    0x08008028   0x08008028   0x00000094   Code   RO         5971    i.vPortFree         heap_4.o
    0x080080bc   0x080080bc   0x00000028   Code   RO         6035    i.vPortSetupTimerInterrupt  port.o
    0x080080e4   0x080080e4   0x00000078   Code   RO         6036    i.vPortValidateInterruptPriority  port.o
    0x0800815c   0x0800815c   0x0000005c   Code   RO         5254    i.vTaskDelay        tasks.o
    0x080081b8   0x080081b8   0x00000018   Code   RO         5258    i.vTaskInternalSetTimeOutState  tasks.o
    0x080081d0   0x080081d0   0x0000000c   Code   RO         5259    i.vTaskMissedYield  tasks.o
    0x080081dc   0x080081dc   0x000000f0   Code   RO         5260    i.vTaskNotifyGiveFromISR  tasks.o
    0x080082cc   0x080082cc   0x00000038   Code   RO         5261    i.vTaskPlaceOnEventList  tasks.o
    0x08008304   0x08008304   0x000000f4   Code   RO         5263    i.vTaskPriorityDisinheritAfterTimeout  tasks.o
    0x080083f8   0x080083f8   0x000000b0   Code   RO         5268    i.vTaskStartScheduler  tasks.o
    0x080084a8   0x080084a8   0x00000010   Code   RO         5270    i.vTaskSuspendAll   tasks.o
    0x080084b8   0x080084b8   0x0000008c   Code   RO         5271    i.vTaskSwitchContext  tasks.o
    0x08008544   0x08008544   0x000000f8   Code   RO         6037    i.xPortStartScheduler  port.o
    0x0800863c   0x0800863c   0x00000034   Code   RO         6038    i.xPortSysTickHandler  port.o
    0x08008670   0x08008670   0x00000022   Code   RO         4912    i.xQueueCreateMutex  queue.o
    0x08008692   0x08008692   0x0000005e   Code   RO         4914    i.xQueueGenericCreate  queue.o
    0x080086f0   0x080086f0   0x00000098   Code   RO         4916    i.xQueueGenericReset  queue.o
    0x08008788   0x08008788   0x000001a8   Code   RO         4917    i.xQueueGenericSend  queue.o
    0x08008930   0x08008930   0x000000f8   Code   RO         4918    i.xQueueGenericSendFromISR  queue.o
    0x08008a28   0x08008a28   0x00000168   Code   RO         4926    i.xQueueReceive     queue.o
    0x08008b90   0x08008b90   0x000001b8   Code   RO         4928    i.xQueueSemaphoreTake  queue.o
    0x08008d48   0x08008d48   0x000000a8   Code   RO         5273    i.xTaskCheckForTimeOut  tasks.o
    0x08008df0   0x08008df0   0x00000064   Code   RO         5274    i.xTaskCreate       tasks.o
    0x08008e54   0x08008e54   0x000000b8   Code   RO         5275    i.xTaskCreateStatic  tasks.o
    0x08008f0c   0x08008f0c   0x000000a4   Code   RO         5279    i.xTaskGetHandle    tasks.o
    0x08008fb0   0x08008fb0   0x00000020   Code   RO         5280    i.xTaskGetSchedulerState  tasks.o
    0x08008fd0   0x08008fd0   0x00000148   Code   RO         5283    i.xTaskIncrementTick  tasks.o
    0x08009118   0x08009118   0x000000c8   Code   RO         5286    i.xTaskPriorityDisinherit  tasks.o
    0x080091e0   0x080091e0   0x000000c8   Code   RO         5287    i.xTaskPriorityInherit  tasks.o
    0x080092a8   0x080092a8   0x00000098   Code   RO         5288    i.xTaskRemoveFromEventList  tasks.o
    0x08009340   0x08009340   0x00000104   Code   RO         5289    i.xTaskResumeAll    tasks.o
    0x08009444   0x08009444   0x000000a8   Data   RO          245    .constdata          freertos.o
    0x080094ec   0x080094ec   0x00000018   Data   RO         3850    .constdata          system_stm32f1xx.o
    0x08009504   0x08009504   0x0000000a   Data   RO         4102    .constdata          nrf24l01.o
    0x0800950e   0x0800950e   0x00000002   PAD
    0x08009510   0x08009510   0x00000098   Data   RO         6436    .constdata          m_ws.l(atan.o)
    0x080095a8   0x080095a8   0x00000008   Data   RO         6458    .constdata          m_ws.l(qnan.o)
    0x080095b0   0x080095b0   0x00000040   Data   RO         6521    .constdata          mc_w.l(ctype_c.o)
    0x080095f0   0x080095f0   0x00000045   Data   RO          246    .conststring        freertos.o
    0x08009635   0x08009635   0x00000003   PAD
    0x08009638   0x08009638   0x00000020   Data   RO         6523    Region$$Table       anon$$obj.o


    Execution Region RW_IRAM1 (Exec base: 0x20000000, Load base: 0x08009658, Size: 0x00003a18, Max: 0x00005000, ABSOLUTE, COMPRESSED[0x0000003c])

    Exec Addr    Load Addr    Size         Type   Attr      Idx    E Section Name        Object

    0x20000000   COMPRESSED   0x00000018   Data   RW          247    .data               freertos.o
    0x20000018   COMPRESSED   0x00000004   Data   RW          382    .data               i2c.o
    0x2000001c   COMPRESSED   0x00000009   Data   RW         1044    .data               stm32f1xx_hal.o
    0x20000025   COMPRESSED   0x00000003   PAD
    0x20000028   COMPRESSED   0x00000004   Data   RW         3851    .data               system_stm32f1xx.o
    0x2000002c   COMPRESSED   0x00000019   Data   RW         4103    .data               nrf24l01.o
    0x20000045   COMPRESSED   0x00000001   PAD
    0x20000046   COMPRESSED   0x00000004   Data   RW         4258    .data               esp01.o
    0x2000004a   COMPRESSED   0x00000008   Data   RW         4365    .data               bsp_adc.o
    0x20000052   COMPRESSED   0x00000002   PAD
    0x20000054   COMPRESSED   0x0000000c   Data   RW         4409    .data               hc_sr04.o
    0x20000060   COMPRESSED   0x00000094   Data   RW         4464    .data               filter.o
    0x200000f4   COMPRESSED   0x00000010   Data   RW         4509    .data               control_task.o
    0x20000104   COMPRESSED   0x00000004   Data   RW         4612    .data               ble_task.o
    0x20000108   COMPRESSED   0x00000003   Data   RW         4654    .data               nrf_task.o
    0x2000010b   COMPRESSED   0x00000001   PAD
    0x2000010c   COMPRESSED   0x00000010   Data   RW         4709    .data               esp_task.o
    0x2000011c   COMPRESSED   0x0000003c   Data   RW         5292    .data               tasks.o
    0x20000158   COMPRESSED   0x00000018   Data   RW         5976    .data               heap_4.o
    0x20000170   COMPRESSED   0x0000000c   Data   RW         6039    .data               port.o
    0x2000017c   COMPRESSED   0x00000004   Data   RW         6475    .data               mc_w.l(stdout.o)
    0x20000180   COMPRESSED   0x00000004   Data   RW         6487    .data               mc_w.l(errno.o)
    0x20000184        -       0x00000254   Zero   RW          244    .bss                freertos.o
    0x200003d8        -       0x00000074   Zero   RW          309    .bss                adc.o
    0x2000044c        -       0x00000054   Zero   RW          381    .bss                i2c.o
    0x200004a0        -       0x00000120   Zero   RW          460    .bss                tim.o
    0x200005c0        -       0x000001dc   Zero   RW          535    .bss                usart.o
    0x2000079c        -       0x00000402   Zero   RW         4257    .bss                esp01.o
    0x20000b9e   COMPRESSED   0x00000002   PAD
    0x20000ba0        -       0x00000050   Zero   RW         4508    .bss                control_task.o
    0x20000bf0        -       0x00000028   Zero   RW         4611    .bss                ble_task.o
    0x20000c18        -       0x00000044   Zero   RW         4653    .bss                nrf_task.o
    0x20000c5c        -       0x000000c8   Zero   RW         4708    .bss                esp_task.o
    0x20000d24        -       0x000000f0   Zero   RW         5291    .bss                tasks.o
    0x20000e14        -       0x00002800   Zero   RW         5975    .bss                heap_4.o
    0x20003614   COMPRESSED   0x00000004   PAD
    0x20003618        -       0x00000400   Zero   RW            1    STACK               startup_stm32f103xb.o


==============================================================================

Image component sizes


      Code (inc. data)   RO Data    RW Data    ZI Data      Debug   Object Name

       336         32          0          0        116       1943   adc.o
       568         58          0          4         40       2940   ble_task.o
        98         28          0          8          0       2155   bsp_adc.o
       264         34          0          0          0       1796   bsp_motor.o
       344          0          0          0          0       2099   bsp_soft_spi.o
       142          0          0          0          0      22303   cmsis_os.o
      1354        136          0         16         80       7183   control_task.o
       116          4          0          0          0        846   dma.o
       536        132          0          4       1026       6338   esp01.o
       732        154          0         16        200       4021   esp_task.o
         0          0          0          0          0      18088   event_groups.o
       540          0          0        148          0       2006   filter.o
       218         40        237         24        596       4719   freertos.o
       332         22          0          0          0       1099   gpio.o
       272         38          0         12          0       2910   hc_sr04.o
       692         62          0         24      10240       7479   heap_4.o
       532         60          0          4         84       4371   i2c.o
       148          0          0          0          0       3630   list.o
       198          0          0          0          0     482944   main.o
       534          0          0          0          0       7563   mpu6050.o
       596         48         10         25          0      10229   nrf24l01.o
       428         30          0          3         68       3000   nrf_task.o
       854         78          0         12          0      11685   port.o
      2186         20          0          0          0      16176   queue.o
        36          8        236          0       1024        840   startup_stm32f103xb.o
       192         36          0          9          0       6173   stm32f1xx_hal.o
      1426         56          0          0          0       8191   stm32f1xx_hal_adc.o
       304         22          0          0          0      29659   stm32f1xx_hal_cortex.o
       802          8          0          0          0       4363   stm32f1xx_hal_dma.o
       856         38          0          0          0       4094   stm32f1xx_hal_gpio.o
      2968         52          0          0          0      11822   stm32f1xx_hal_i2c.o
        84          8          0          0          0        966   stm32f1xx_hal_msp.o
      1784        110          0          0          0       6288   stm32f1xx_hal_rcc.o
       304         14          0          0          0       1468   stm32f1xx_hal_rcc_ex.o
      3556        100          0          0          0      24887   stm32f1xx_hal_tim.o
       252         14          0          0          0       3361   stm32f1xx_hal_tim_ex.o
      1302         18          0          0          0      11545   stm32f1xx_hal_uart.o
       116         24          0          0          0       5853   stm32f1xx_it.o
         0          0          0          0          0        392   stream_buffer.o
         2          0         24          4          0       1227   system_stm32f1xx.o
      4018        438          0         60        240      30518   tasks.o
      1096         80          0          0        288       5585   tim.o
        60          0          0          0          0        630   ui_task.o
       832         82          0          0        476       4100   usart.o

    ----------------------------------------------------------------------
     32054       2084        544        380      14484     789485   Object Totals
         0          0         32          0          0          0   (incl. Generated)
        44          0          5          7          6          0   (incl. Padding)

    ----------------------------------------------------------------------

      Code (inc. data)   RO Data    RW Data    ZI Data      Debug   Library Member Name

       544         70        152          0          0        124   atan.o
       412         38          0          0          0        144   atan2.o
        26          6          0          0          0        204   dunder.o
        40          0          0          0          0         68   fpclassify.o
       170          0          0          0          0         96   poly.o
         0          0          8          0          0          0   qnan.o
        56          8          0          0          0         84   __0sscanf.o
        86          0          0          0          0          0   __dczerorl2.o
        28          0          0          0          0         68   _chval.o
       816          6          0          0          0        112   _scanf.o
       332          0          0          0          0         96   _scanf_int.o
       224          0          0          0          0         96   _scanf_str.o
        64          0          0          0          0         84   _sgetc.o
        40          6         64          0          0         68   ctype_c.o
         0          0          0          0          0          0   entry.o
         0          0          0          0          0          0   entry10a.o
         0          0          0          0          0          0   entry11a.o
         4          0          0          0          0          0   entry12b.o
         8          4          0          0          0          0   entry2.o
         4          0          0          0          0          0   entry5.o
         0          0          0          0          0          0   entry7b.o
         0          0          0          0          0          0   entry8b.o
         8          4          0          0          0          0   entry9a.o
        12          6          0          4          0         68   errno.o
        30          0          0          0          0          0   handlers.o
        36          8          0          0          0         68   init.o
        10          0          0          0          0         68   isspace_c.o
         0          0          0          0          0          0   iusefp.o
        30          0          0          0          0         68   llshl.o
        36          0          0          0          0         68   llsshr.o
        32          0          0          0          0         68   llushr.o
        36          0          0          0          0         68   memcpya.o
        36          0          0          0          0        108   memseta.o
       522         20          0          0          0        336   printf3.o
        40          8          0          0          0         84   scanf_char.o
         0          0          0          4          0          0   stdout.o
        24          0          0          0          0         68   strcat.o
        18          0          0          0          0         68   strcpy.o
        14          0          0          0          0         68   strlen.o
        36          0          0          0          0         80   strstr.o
        44          0          0          0          0         80   uidiv.o
        48          0          0          0          0         68   cdcmple.o
        20          0          0          0          0         68   cfcmple.o
        20          0          0          0          0         68   cfrcmple.o
        56          0          0          0          0         88   d2f.o
       334          0          0          0          0        148   dadd.o
       222          0          0          0          0        100   ddiv.o
       186          0          0          0          0        176   depilogue.o
        34          0          0          0          0         76   dflti.o
        26          0          0          0          0         76   dfltui.o
       228          0          0          0          0         96   dmul.o
        46          0          0          0          0         80   dscalb.o
        38          0          0          0          0         68   f2d.o
       176          0          0          0          0        140   fadd.o
       124          0          0          0          0         88   fdiv.o
       110          0          0          0          0        168   fepilogue.o
        50          0          0          0          0         68   ffixi.o
        18          0          0          0          0         68   fflti.o
       100          0          0          0          0         76   fmul.o

    ----------------------------------------------------------------------
      5666        184        224          8          0       4332   Library Totals
        12          0          0          0          0          0   (incl. Padding)

    ----------------------------------------------------------------------

      Code (inc. data)   RO Data    RW Data    ZI Data      Debug   Library Name

      1192        114        160          0          0        636   m_ws.l
      2626         70         64          8          0       1976   mc_w.l
      1836          0          0          0          0       1720   mf_w.l

    ----------------------------------------------------------------------
      5666        184        224          8          0       4332   Library Totals

    ----------------------------------------------------------------------

==============================================================================


      Code (inc. data)   RO Data    RW Data    ZI Data      Debug   

     37720       2268        768        388      14484     777305   Grand Totals
     37720       2268        768         60      14484     777305   ELF Image Totals (compressed)
     37720       2268        768         60          0          0   ROM Totals

==============================================================================

    Total RO  Size (Code + RO Data)                38488 (  37.59kB)
    Total RW  Size (RW Data + ZI Data)             14872 (  14.52kB)
    Total ROM Size (Code + RO Data + RW Data)      38548 (  37.64kB)

==============================================================================

