<html>
<body>
<pre>
<h1>µVision Build Log</h1>
<h2>Tool Versions:</h2>
IDE-Version: ¦ÌVision V5.36.0.0
Copyright (C) 2021 ARM Ltd and ARM Germany GmbH. All rights reserved.
License Information: A Administrator, AA, LIC=LSNXV-PWF4I-12XLE-5I1GU-NV0YQ-V010W
 
Tool Versions:
Toolchain:       MDK-ARM Plus  Version: 5.36.0.0
Toolchain Path:  C:\Keil_v5\ARM\ARMCC\Bin
C Compiler:      Armcc.exe V5.06 update 7 (build 960)
Assembler:       Armasm.exe V5.06 update 7 (build 960)
Linker/Locator:  ArmLink.exe V5.06 update 7 (build 960)
Library Manager: ArmAr.exe V5.06 update 7 (build 960)
Hex Converter:   FromElf.exe V5.06 update 7 (build 960)
CPU DLL:         SARMCM3.DLL V5.36.0.0
Dialog DLL:      DCM.DLL V1.17.3.0
Target DLL:      STLink\ST-LINKIII-KEIL_SWO.dll V3.0.9.0
Dialog DLL:      TCM.DLL V1.53.0.0
 
<h2>Project:</h2>
C:\Users\Administrator\Desktop\MDK\Stm32BalanceCar-master\02_Firmware\HAL_WithOs_NoU8G2\MDK-ARM\HAL_WithOs.uvprojx
Project File Date:  02/24/2025

<h2>Output:</h2>
*** Using Compiler 'V5.06 update 7 (build 960)', folder: 'C:\Keil_v5\ARM\ARMCC\Bin'
Build target 'HAL_WithOs'
assembling startup_stm32f103xb.s...
compiling dma.c...
compiling gpio.c...
compiling adc.c...
compiling main.c...
compiling tim.c...
compiling i2c.c...
compiling freertos.c...
..\User\TASK\nrf_task.h(29): warning:  #1-D: last line of file ends without a newline
  #endif
../Core/Src/freertos.c: 1 warning, 0 errors
compiling usart.c...
compiling stm32f1xx_hal_gpio_ex.c...
compiling stm32f1xx_hal_adc_ex.c...
compiling stm32f1xx_hal_msp.c...
compiling stm32f1xx_it.c...
compiling stm32f1xx_hal.c...
compiling stm32f1xx_hal_adc.c...
compiling stm32f1xx_hal_rcc_ex.c...
compiling stm32f1xx_hal_cortex.c...
compiling stm32f1xx_hal_flash.c...
compiling stm32f1xx_hal_rcc.c...
compiling stm32f1xx_hal_pwr.c...
compiling stm32f1xx_hal_gpio.c...
compiling stm32f1xx_hal_dma.c...
compiling system_stm32f1xx.c...
compiling stm32f1xx_hal_flash_ex.c...
compiling stm32f1xx_hal_exti.c...
compiling stm32f1xx_hal_uart.c...
compiling stm32f1xx_hal_tim_ex.c...
compiling stm32f1xx_hal_i2c.c...
compiling stm32f1xx_hal_tim.c...
compiling bsp_key.c...
compiling bsp_led.c...
compiling bsp_soft_spi.c...
compiling bsp_motor.c...
compiling nrf24l01.c...
compiling mpu6050.c...
compiling esp01.c...
..\User\BSP\ESP01\esp01.h(68): warning:  #1295-D: Deprecated declaration ESP8266_Create_Tcp_server - give arg types
  bool ESP8266_Create_Tcp_server (  );
..\User\BSP\ESP01\esp01.c: 1 warning, 0 errors
compiling bsp_adc.c...
..\User\BSP\ADC\bsp_adc.h(6): warning:  #1295-D: Deprecated declaration adc_convert - give arg types
  void adc_convert();
..\User\BSP\ADC\bsp_adc.c(20): warning:  #1-D: last line of file ends without a newline
  }
..\User\BSP\ADC\bsp_adc.c: 2 warnings, 0 errors
compiling filter.c...
..\User\APP\filter.c(50): warning:  #1-D: last line of file ends without a newline
  }
..\User\APP\filter.c: 1 warning, 0 errors
compiling ble_task.c...
..\User\TASK\nrf_task.h(29): warning:  #1-D: last line of file ends without a newline
  #endif
..\User\TASK\ble_task.c(156): warning:  #1-D: last line of file ends without a newline
  }
..\User\TASK\ble_task.c: 2 warnings, 0 errors
compiling hc_sr04.c...
..\User\BSP\HCSR04\hc_sr04.c(78): warning:  #1-D: last line of file ends without a newline
   
..\User\BSP\HCSR04\hc_sr04.c: 1 warning, 0 errors
compiling croutine.c...
compiling nrf_task.c...
..\User\TASK\nrf_task.h(29): warning:  #1-D: last line of file ends without a newline
  #endif
..\User\TASK\nrf_task.c: 1 warning, 0 errors
compiling ui_task.c...
..\User\BSP\ADC\bsp_adc.h(6): warning:  #1295-D: Deprecated declaration adc_convert - give arg types
  void adc_convert();
..\User\TASK\ui_task.c(15): warning:  #177-D: variable "disbuff"  was declared but never referenced
  	uint8_t disbuff[16]={0};
..\User\TASK\ui_task.c(17): warning:  #550-D: variable "power"  was set but never used
  	float power = 0;
..\User\TASK\ui_task.c: 3 warnings, 0 errors
compiling control_task.c...
..\User\TASK\nrf_task.h(29): warning:  #1-D: last line of file ends without a newline
  #endif
..\User\TASK\control_task.c: 1 warning, 0 errors
compiling event_groups.c...
compiling list.c...
compiling stream_buffer.c...
compiling queue.c...
compiling timers.c...
compiling heap_4.c...
compiling tasks.c...
compiling port.c...
compiling cmsis_os.c...
compiling esp_task.c...
..\User\BSP\ESP01\esp01.h(68): warning:  #1295-D: Deprecated declaration ESP8266_Create_Tcp_server - give arg types
  bool ESP8266_Create_Tcp_server (  );
..\User\TASK\nrf_task.h(29): warning:  #1-D: last line of file ends without a newline
  #endif
..\User\TASK\esp_task.c(38): warning:  #177-D: variable "keyValue"  was declared but never referenced
  	uint8_t keyValue = 0;
..\User\TASK\esp_task.c(192): warning:  #1-D: last line of file ends without a newline
   
..\User\TASK\esp_task.c: 4 warnings, 0 errors
linking...
Program Size: Code=37720 RO-data=768 RW-data=388 ZI-data=14484  
FromELF: creating hex file...
".\HAL_WithOs\HAL_WithOs.axf" - 0 Error(s), 17 Warning(s).

<h2>Software Packages used:</h2>

Package Vendor: ARM
                http://www.keil.com/pack/ARM.CMSIS.5.8.0.pack
                ARM.CMSIS.5.8.0
                CMSIS (Common Microcontroller Software Interface Standard)
   * Component: CORE Version: 5.5.0

Package Vendor: Keil
                http://www.keil.com/pack/Keil.STM32F1xx_DFP.2.2.0.pack
                Keil.STM32F1xx_DFP.2.2.0
                STMicroelectronics STM32F1 Series Device Support, Drivers and Examples

<h2>Collection of Component include folders:</h2>
  .\RTE\_HAL_WithOs
  C:\Keil_v5\ARM\PACK\ARM\CMSIS\5.8.0\CMSIS\Core\Include
  C:\Keil_v5\ARM\PACK\Keil\STM32F1xx_DFP\2.2.0\Device\Include

<h2>Collection of Component Files used:</h2>

   * Component: ARM::CMSIS:CORE:5.5.0
Build Time Elapsed:  00:00:33
</pre>
</body>
</html>
